
- NASM Map file ---------------------------------------------------------------

Source file:  /home/piec/DOS/p1x-dos-demoscene/demo-01/TP/demo01/main.asm
Output file:  /home/piec/DOS/p1x-dos-demoscene/demo-01/TP/demo01/main.exe

-- Symbols --------------------------------------------------------------------

---- Section .text ------------------------------------------------------------

Real              Virtual           Name
             103               103  Memory_i1
             105               105  Memory_error_code
             107               107  Memory_blocks
             109               109  Screen_i
             10B               10B  Screen_noBuffers
             10D               10D  Screen_color
             10E               10E  Screen_red
             10F               10F  Screen_green
             110               110  Screen_blue
             111               111  Screen_buffer1
             115               115  Screen_buffer2
             119               119  Screen_buffer3
             11D               11D  Screen_buffer4
             121               121  Screen_buffer5
             125               125  Screen_source
             129               129  Screen_dest
             12D               12D  File_fp
             131               131  File_tp
             135               135  File_val
             137               137  File_size
             139               139  File_val2
             13B               13B  File_dst
             13F               13F  File_attr
             140               140  File_File_this
             144               144  File_file
             148               148  Gfx_x1
             14A               14A  Gfx_y
             14C               14C  Gfx_color
             14E               14E  Fonts_font_size_x
             150               150  Fonts_font_size_y
             152               152  Fonts_font_columns
             154               154  Fonts_lookup
             1D4               1D4  Fonts_data
             1D8               1D8  Fonts_dst
             1DC               1DC  Fonts_dst2
             1E0               1E0  Fonts_src
             1E4               1E4  Fonts_tp
             1E8               1E8  Fonts_x
             1EA               1EA  Fonts_y
             1EC               1EC  Fonts_c
             1EE               1EE  Fonts_i
             1F0               1F0  Fonts_xx
             1F2               1F2  Fonts_shift
             1F4               1F4  Fonts_len
             1F6               1F6  Fonts_addValue
             1F7               1F7  Fonts_maskColor
             1F8               1F8  Fonts_writeType
             1FA               1FA  BeePlay_ptrOrder
             1FE               1FE  BeePlay_ptrPattern
             202               202  BeePlay_zp
             206               206  BeePlay_noChannels
             207               207  BeePlay_oct
             208               208  BeePlay_o3
             209               209  BeePlay_octShift
             20A               20A  BeePlay_o4
             20B               20B  BeePlay_i
             20D               20D  BeePlay_noRows
             20F               20F  BeePlay_val
             211               211  BeePlay_v2
             213               213  BeePlay_j
             215               215  BeePlay_curOrder
             217               217  BeePlay_noOrder
             219               219  BeePlay_curRow
             21B               21B  BeePlay_speed
             21D               21D  BeePlay_counter
             21F               21F  BeePlay_decayLength
             22F               22F  BeePlay_curNotes
             23F               23F  BeePlay_curDecay
             24F               24F  BeePlay_curN
             251               251  BeePlay_noteTable
             269               269  BeePlay_pow2
             27D               27D  Compression_inb
             281               281  Compression_outb
             285               285  Random_Seed
             287               287  song
             2B2               2B2  end_incbin_song
             2B2               2B2  font
             2BB               2BB  i
             2BD               2BD  time
             2BF               2BF  scene_time
             2C1               2C1  color
             2C3               2C3  c
             2C5               2C5  current_scene
             2C7               2C7  current_scene_len
             2C9               2C9  last_scene
             2CB               2CB  stars_particle_particle_x
             523               523  stars_particle_particle_y
             77B               77B  stars_particle_particle_z
             9D3               9D3  stars_particle_particle_speed
             C2B               C2B  stars_colors
             D2B               D2B  x1
             D2D               D2D  x2
             D2F               D2F  y1
             D31               D31  y2
             D33               D33  x
             D35               D35  y
             D37               D37  sx
             D39               D39  sy
             D3B               D3B  sz
             D3D               D3D  shift
             D3F               D3F  sinx
             F3F               F3F  siny
            113F              113F  grad
            11BF              11BF  intro_text
            11D4              11D4  lines_text
            11E7              11E7  outro_text
            11FA              11FA  tp
            11FE              11FE  Memory_ticks
            1200              1200  Memory_SetTimer_block2
            1200              1200  Memory_SetTimer
            1213              1213  end_procedure_Memory_SetTimer
            1213              1213  Memory_Init
            122A              122A  end_procedure_Memory_Init
            122A              122A  Memory_GetBlockMem_block4
            122A              122A  Memory_GetBlockMem
            1240              1240  gbe_ok
            124B              124B  end_procedure_Memory_GetBlockMem
            124B              124B  Screen_InitVGABuffers_block5
            124B              124B  Screen_InitVGABuffers
            1252              1252  Screen_InitVGABuffers_ConditionalTrueBlock7
            1263              1263  Screen_InitVGABuffers_elsedoneblock9
            126A              126A  Screen_InitVGABuffers_ConditionalTrueBlock13
            127B              127B  Screen_InitVGABuffers_elsedoneblock15
            1282              1282  Screen_InitVGABuffers_ConditionalTrueBlock19
            1293              1293  Screen_InitVGABuffers_elsedoneblock21
            129A              129A  Screen_InitVGABuffers_ConditionalTrueBlock25
            12AB              12AB  Screen_InitVGABuffers_elsedoneblock27
            12B2              12B2  Screen_InitVGABuffers_ConditionalTrueBlock31
            12C3              12C3  Screen_InitVGABuffers_elsedoneblock33
            12C4              12C4  end_procedure_Screen_InitVGABuffers
            12C4              12C4  Screen_SetColor_block36
            12C4              12C4  Screen_SetColor
            12DB              12DB  end_procedure_Screen_SetColor
            12DB              12DB  Screen_CopyVGABuffer32bit_block37
            12DB              12DB  Screen_CopyVGABuffer32bit
            12F0              12F0  end_procedure_Screen_CopyVGABuffer32bit
            12F0              12F0  _ax
            12F2              12F2  Screen_ClearBuffer32bit_block38
            12F2              12F2  Screen_ClearBuffer32bit
            12FD              12FD  end_procedure_Screen_ClearBuffer32bit
            12FD              12FD  Screen_SetMode_block39
            12FD              12FD  Screen_SetMode
            1303              1303  end_procedure_Screen_SetMode
            1303              1303  File_File_Open_block40
            1303              1303  File_File_Open
            131C              131C  end_procedure_File_File_Open
            131C              131C  File_File_Read_block41
            131C              131C  File_File_Read
            1347              1347  end_procedure_File_File_Read
            1347              1347  File_File_Close
            135C              135C  end_procedure_File_File_Close
            135C              135C  File_ReadAll_block43
            135C              135C  File_ReadAll
            13A1              13A1  end_procedure_File_ReadAll
            13A1              13A1  Gfx_buf
            13A5              13A5  Gfx_PutPixel_block44
            13A5              13A5  Gfx_PutPixel
            13C6              13C6  end_procedure_Gfx_PutPixel
            13C6              13C6  Gfx_i
            13C8              13C8  Gfx_s
            13CA              13CA  Gfx_d1x
            13CC              13CC  Gfx_d1y
            13CE              13CE  Gfx_d2x
            13D0              13D0  Gfx_d2y
            13D2              13D2  Gfx_u
            13D4              13D4  Gfx_v
            13D6              13D6  Gfx_m
            13D8              13D8  Gfx_n
            13DA              13DA  Gfx_a
            13DC              13DC  Gfx_b
            13DE              13DE  Gfx_c
            13E0              13E0  Gfx_d
            13E2              13E2  Gfx_where
            13E6              13E6  Gfx_DrawLine_block45
            13E6              13E6  Gfx_DrawLine
            1400              1400  @@Nopes
            1402              1402  @@Sgn
            1409              1409  @@Plus
            140E              140E  @@Neg
            1411              1411  @@Ferds
            1412              1412  @@There
            144B              144B  @@Not1
            145E              145E  @@Not2
            1489              1489  @@Vidr
            149C              149C  @@Vidr2
            149F              149F  @@Hmm
            14AB              14AB  @@Luup
            14C7              14C7  @@DoNo
            14EA              14EA  @@Not
            14F2              14F2  @@Ferd
            14FF              14FF  @@Ending
            1500              1500  end_procedure_Gfx_DrawLine
            1500              1500  Fonts_Init_block47
            1500              1500  Fonts_Init
            1523              1523  Fonts_Init_forloop48
            154F              154F  Fonts_Init_ConditionalTrueBlock60
            1567              1567  Fonts_Init_elsedoneblock62
            1567              1567  Fonts_Init_loopstart49
            1575              1575  Fonts_Init_loopend50
            1576              1576  end_procedure_Fonts_Init
            1576              1576  Fonts_PrintChar_block65
            1576              1576  Fonts_PrintChar
            159C              159C  Fonts_PrintChar_ConditionalTrueBlock67
            15A2              15A2  Fonts_PrintChar_forloop77
            15C0              15C0  Fonts_PrintChar_loopstart78
            15CE              15CE  Fonts_PrintChar_loopend79
            15CE              15CE  Fonts_PrintChar_elsedoneblock69
            15D5              15D5  Fonts_PrintChar_ConditionalTrueBlock83
            15DB              15DB  Fonts_PrintChar_forloop93
            15F1              15F1  @fsb_topp
            15FB              15FB  @fsb_nxt
            160B              160B  Fonts_PrintChar_loopstart94
            1619              1619  Fonts_PrintChar_loopend95
            1619              1619  Fonts_PrintChar_elsedoneblock85
            161A              161A  end_procedure_Fonts_PrintChar
            161A              161A  Fonts_PrintString_block98
            161A              161A  Fonts_PrintString
            162D              162D  Fonts_PrintString_while99
            162D              162D  Fonts_PrintString_loopstart103
            163B              163B  Fonts_PrintString_ConditionalTrueBlock100
            1664              1664  Fonts_PrintString_elsedoneblock102
            1664              1664  Fonts_PrintString_loopend104
            1665              1665  end_procedure_Fonts_PrintString
            1665              1665  BeePlay_bi
            1667              1667  BeePlay_Beep_block107
            1667              1667  BeePlay_Beep
            167B              167B  end_procedure_BeePlay_Beep
            167B              167B  BeePlay_Stop
            1682              1682  end_procedure_BeePlay_Stop
            1682              1682  BeePlay_Initialize_block109
            1682              1682  BeePlay_Initialize
            1708              1708  init_playnote
            170A              170A  player_notes
            1754              1754  init_playnote_call
            1771              1771  init_playnote_cont
            1772              1772  end_procedure_BeePlay_Initialize
            1772              1772  BeePlay_Play
            1790              1790  BeePlay_Play_ConditionalTrueBlock112
            17A9              17A9  BeePlay_Play_elseblock113
            17AF              17AF  BeePlay_Play_elsedoneblock114
            17BD              17BD  BeePlay_Play_ConditionalTrueBlock120
            17C3              17C3  BeePlay_Play_elsedoneblock122
            17CD              17CD  BeePlay_Play_localfailed153
            17D4              17D4  BeePlay_Play_ConditionalTrueBlock126
            17E0              17E0  BeePlay_Play_forloop155
            17F1              17F1  BeePlay_Play_ConditionalTrueBlock167
            17F7              17F7  BeePlay_Play_elsedoneblock169
            17F7              17F7  BeePlay_Play_loopstart156
            1807              1807  BeePlay_Play_loopend157
            180E              180E  BeePlay_Play_ConditionalTrueBlock173
            1811              1811  BeePlay_Play_elsedoneblock175
            1812              1812  BeePlay_Play_elsedoneblock128
            186A              186A  end_procedure_BeePlay_Play
            186A              186A  BeePlay_Update
            1878              1878  BeePlay_Update_ConditionalTrueBlock180
            1879              1879  BeePlay_Update_elsedoneblock182
            1885              1885  BeePlay_Update_forloop185
            18CC              18CC  BeePlay_Update_ConditionalTrueBlock209
            18D8              18D8  BeePlay_Update_ConditionalTrueBlock221
            1904              1904  BeePlay_Update_elsedoneblock223
            1904              1904  BeePlay_Update_elsedoneblock211
            1904              1904  BeePlay_Update_loopstart186
            1916              1916  BeePlay_Update_loopend187
            1924              1924  BeePlay_Update_ConditionalTrueBlock227
            193C              193C  BeePlay_Update_ConditionalTrueBlock239
            1942              1942  BeePlay_Update_elsedoneblock241
            1942              1942  BeePlay_Update_elsedoneblock229
            1943              1943  end_procedure_BeePlay_Update
            1943              1943  Compression_Decompress_block244
            1943              1943  Compression_Decompress
            1958              1958  @@parsetoken
            195B              195B  @@copyliterals
            1963              1963  @@doliteralcopy
            1969              1969  @@copymatches
            1970              1970  @@domatchcopy
            1981              1981  buildfullcount
            1986              1986  buildloop
            198D              198D  builddone
            198E              198E  @@done
            1998              1998  SHR4table
            1A99              1A99  end_procedure_Compression_Decompress
            1A99              1A99  Random_Random
            1AA9              1AA9  end_procedure_Random_Random
            1AA9              1AA9  pal
            1AAB              1AAB  SetPalette_block246
            1AAB              1AAB  SetPalette
            1ABD              1ABD  SetPalette_forloop250
            1B36              1B36  SetPalette_loopstart251
            1B46              1B46  SetPalette_loopend252
            1B49              1B49  SetPalette_casenext248
            1B5B              1B5B  SetPalette_forloop257
            1BD9              1BD9  SetPalette_loopstart258
            1BE9              1BE9  SetPalette_loopend259
            1BE9              1BE9  SetPalette_casenext255
            1BE9              1BE9  SetPalette_caseend247
            1BEA              1BEA  end_procedure_SetPalette
            1BEA              1BEA  DrawPalette
            1BF0              1BF0  DrawPalette_forloop263
            1C17              1C17  DrawPalette_loopstart264
            1C25              1C25  DrawPalette_loopend265
            1C26              1C26  end_procedure_DrawPalette
            1C26              1C26  SceneLinesReset
            1C3F              1C3F  end_procedure_SceneLinesReset
            1C3F              1C3F  SceneLinesRender
            1C45              1C45  SceneLinesRender_forloop270
            1D01              1D01  SceneLinesRender_loopstart271
            1D11              1D11  SceneLinesRender_loopend272
            1D1C              1D1C  SceneLinesRender_ConditionalTrueBlock276
            1D21              1D21  SceneLinesRender_elsedoneblock278
            1D66              1D66  end_procedure_SceneLinesRender
            1D66              1D66  SPEED
            1D67              1D67  SceneIntroRender_block281
            1D67              1D67  SceneIntroRender
            1D6D              1D6D  SceneIntroRender_forloop282
            1DAA              1DAA  SceneIntroRender_ConditionalTrueBlock303
            1DB7              1DB7  SceneIntroRender_elsedoneblock305
            1E1D              1E1D  SceneIntroRender_localsuccess313
            1E25              1E25  SceneIntroRender_localsuccess314
            1E2C              1E2C  SceneIntroRender_localsuccess315
            1E34              1E34  SceneIntroRender_ConditionalTrueBlock309
            1E55              1E55  SceneIntroRender_elsedoneblock311
            1E55              1E55  SceneIntroRender_loopstart283
            1E65              1E65  SceneIntroRender_loopend284
            1EAF              1EAF  end_procedure_SceneIntroRender
            1EAF              1EAF  SceneIntroReset
            1EB5              1EB5  SceneIntroReset_forloop318
            1F27              1F27  SceneIntroReset_loopstart319
            1F35              1F35  SceneIntroReset_loopend320
            1F48              1F48  end_procedure_SceneIntroReset
            1F48              1F48  SceneOutroRender
            1F84              1F84  end_procedure_SceneOutroRender
            1F84              1F84  SceneOutroReset
            1F97              1F97  end_procedure_SceneOutroReset
            1F97              1F97  scene_to_reset
            1F99              1F99  ResetScene_block325
            1F99              1F99  ResetScene
            1FA8              1FA8  ResetScene_casenext327
            1FB7              1FB7  ResetScene_casenext329
            1FC4              1FC4  ResetScene_casenext331
            1FC4              1FC4  ResetScene_caseend326
            1FC5              1FC5  end_procedure_ResetScene
            1FC5              1FC5  scene_to_render
            1FC7              1FC7  RenderScene_block333
            1FC7              1FC7  RenderScene
            1FE8              1FE8  RenderScene_casenext335
            1FF7              1FF7  RenderScene_casenext337
            2004              2004  RenderScene_casenext339
            2004              2004  RenderScene_caseend334
            2005              2005  end_procedure_RenderScene
            2005              2005  RasterIRQ
            201B              201B  end_procedure_RasterIRQ
            201B              201B  block1
            201B              201B  main_block_begin_
            20E4              20E4  MainProgram_while342
            20E4              20E4  MainProgram_loopstart346
            20EE              20EE  MainProgram_ConditionalTrueBlock343
            20F1              20F1  MainProgram_vblank1370
            20F6              20F6  MainProgram_vblank2371
            2125              2125  MainProgram_ConditionalTrueBlock373
            2139              2139  MainProgram_ConditionalTrueBlock385
            2145              2145  MainProgram_elsedoneblock387
            2157              2157  MainProgram_elsedoneblock375
            2170              2170  MainProgram_elsedoneblock345
            2170              2170  MainProgram_loopend347
            2170              2170  main_block_end_

