
- NASM Map file ---------------------------------------------------------------

Source file:  /home/piec/DOS/p1x-dos-demoscene/demo-01/TP/demo01/main.asm
Output file:  /home/piec/DOS/p1x-dos-demoscene/demo-01/TP/demo01/main.exe

-- Symbols --------------------------------------------------------------------

---- Section .text ------------------------------------------------------------

Real              Virtual           Name
             103               103  Memory_i1
             105               105  Memory_error_code
             107               107  Memory_blocks
             109               109  Screen_i
             10B               10B  Screen_noBuffers
             10D               10D  Screen_color
             10E               10E  Screen_red
             10F               10F  Screen_green
             110               110  Screen_blue
             111               111  Screen_buffer1
             115               115  Screen_buffer2
             119               119  Screen_buffer3
             11D               11D  Screen_buffer4
             121               121  Screen_buffer5
             125               125  Screen_source
             129               129  Screen_dest
             12D               12D  File_fp
             131               131  File_tp
             135               135  File_val
             137               137  File_size
             139               139  File_val2
             13B               13B  File_dst
             13F               13F  File_attr
             140               140  File_File_this
             144               144  File_file
             148               148  Gfx_y
             14A               14A  Gfx_color
             14C               14C  Fonts_font_size_x
             14E               14E  Fonts_font_size_y
             150               150  Fonts_font_columns
             152               152  Fonts_lookup
             1D2               1D2  Fonts_data
             1D6               1D6  Fonts_dst
             1DA               1DA  Fonts_dst2
             1DE               1DE  Fonts_src
             1E2               1E2  Fonts_tp
             1E6               1E6  Fonts_x
             1E8               1E8  Fonts_y
             1EA               1EA  Fonts_c
             1EC               1EC  Fonts_i
             1EE               1EE  Fonts_xx
             1F0               1F0  Fonts_shift
             1F2               1F2  Fonts_len
             1F4               1F4  Fonts_addValue
             1F5               1F5  Fonts_maskColor
             1F6               1F6  Fonts_writeType
             1F8               1F8  BeePlay_ptrOrder
             1FC               1FC  BeePlay_ptrPattern
             200               200  BeePlay_zp
             204               204  BeePlay_noChannels
             205               205  BeePlay_oct
             206               206  BeePlay_o3
             207               207  BeePlay_octShift
             208               208  BeePlay_o4
             209               209  BeePlay_i
             20B               20B  BeePlay_noRows
             20D               20D  BeePlay_val
             20F               20F  BeePlay_v2
             211               211  BeePlay_j
             213               213  BeePlay_curOrder
             215               215  BeePlay_noOrder
             217               217  BeePlay_curRow
             219               219  BeePlay_speed
             21B               21B  BeePlay_counter
             21D               21D  BeePlay_decayLength
             22D               22D  BeePlay_curNotes
             23D               23D  BeePlay_curDecay
             24D               24D  BeePlay_curN
             24F               24F  BeePlay_noteTable
             267               267  BeePlay_pow2
             27B               27B  Compression_inb
             27F               27F  Compression_outb
             283               283  Random_Seed
             285               285  song
             38C               38C  end_incbin_song
             38C               38C  font
             395               395  i
             397               397  time
             399               399  scene_time
             39B               39B  color
             39D               39D  c
             39F               39F  current_scene
             3A1               3A1  current_scene_len
             3A3               3A3  last_scene
             3A5               3A5  x1
             3A7               3A7  x2
             3A9               3A9  y1
             3AB               3AB  y2
             3AD               3AD  sx
             3AF               3AF  sy
             3B1               3B1  shift
             3B3               3B3  sinx
             5B3               5B3  siny
             7B3               7B3  grad
             833               833  intro_text
             848               848  lines_text
             85B               85B  outro_text
             86E               86E  tp
             872               872  Memory_ticks
             874               874  Memory_SetTimer_block2
             874               874  Memory_SetTimer
             887               887  end_procedure_Memory_SetTimer
             887               887  Memory_Init
             89E               89E  end_procedure_Memory_Init
             89E               89E  Memory_GetBlockMem_block4
             89E               89E  Memory_GetBlockMem
             8B4               8B4  gbe_ok
             8BF               8BF  end_procedure_Memory_GetBlockMem
             8BF               8BF  Screen_InitVGABuffers_block5
             8BF               8BF  Screen_InitVGABuffers
             8C6               8C6  Screen_InitVGABuffers_ConditionalTrueBlock7
             8D7               8D7  Screen_InitVGABuffers_elsedoneblock9
             8DE               8DE  Screen_InitVGABuffers_ConditionalTrueBlock13
             8EF               8EF  Screen_InitVGABuffers_elsedoneblock15
             8F6               8F6  Screen_InitVGABuffers_ConditionalTrueBlock19
             907               907  Screen_InitVGABuffers_elsedoneblock21
             90E               90E  Screen_InitVGABuffers_ConditionalTrueBlock25
             91F               91F  Screen_InitVGABuffers_elsedoneblock27
             926               926  Screen_InitVGABuffers_ConditionalTrueBlock31
             937               937  Screen_InitVGABuffers_elsedoneblock33
             938               938  end_procedure_Screen_InitVGABuffers
             938               938  Screen_SetColor_block36
             938               938  Screen_SetColor
             94F               94F  end_procedure_Screen_SetColor
             94F               94F  Screen_CopyVGABuffer32bit_block37
             94F               94F  Screen_CopyVGABuffer32bit
             964               964  end_procedure_Screen_CopyVGABuffer32bit
             964               964  _ax
             966               966  Screen_ClearBuffer32bit_block38
             966               966  Screen_ClearBuffer32bit
             971               971  end_procedure_Screen_ClearBuffer32bit
             971               971  Screen_SetMode_block39
             971               971  Screen_SetMode
             977               977  end_procedure_Screen_SetMode
             977               977  File_File_Open_block40
             977               977  File_File_Open
             990               990  end_procedure_File_File_Open
             990               990  File_File_Read_block41
             990               990  File_File_Read
             9BB               9BB  end_procedure_File_File_Read
             9BB               9BB  File_File_Close
             9D0               9D0  end_procedure_File_File_Close
             9D0               9D0  File_ReadAll_block43
             9D0               9D0  File_ReadAll
             A15               A15  end_procedure_File_ReadAll
             A15               A15  Gfx_i
             A17               A17  Gfx_s
             A19               A19  Gfx_d1x
             A1B               A1B  Gfx_d1y
             A1D               A1D  Gfx_d2x
             A1F               A1F  Gfx_d2y
             A21               A21  Gfx_u
             A23               A23  Gfx_v
             A25               A25  Gfx_m
             A27               A27  Gfx_n
             A29               A29  Gfx_a
             A2B               A2B  Gfx_b
             A2D               A2D  Gfx_c
             A2F               A2F  Gfx_d
             A31               A31  Gfx_where
             A35               A35  Gfx_DrawLine_block44
             A35               A35  Gfx_DrawLine
             A4F               A4F  @@Nopes
             A51               A51  @@Sgn
             A58               A58  @@Plus
             A5D               A5D  @@Neg
             A60               A60  @@Ferds
             A61               A61  @@There
             A9A               A9A  @@Not1
             AAD               AAD  @@Not2
             AD8               AD8  @@Vidr
             AEB               AEB  @@Vidr2
             AEE               AEE  @@Hmm
             AFA               AFA  @@Luup
             B16               B16  @@DoNo
             B39               B39  @@Not
             B41               B41  @@Ferd
             B4E               B4E  @@Ending
             B4F               B4F  end_procedure_Gfx_DrawLine
             B4F               B4F  Fonts_Init_block46
             B4F               B4F  Fonts_Init
             B72               B72  Fonts_Init_forloop47
             B9E               B9E  Fonts_Init_ConditionalTrueBlock59
             BB6               BB6  Fonts_Init_elsedoneblock61
             BB6               BB6  Fonts_Init_loopstart48
             BC4               BC4  Fonts_Init_loopend49
             BC5               BC5  end_procedure_Fonts_Init
             BC5               BC5  Fonts_PrintChar_block64
             BC5               BC5  Fonts_PrintChar
             BEB               BEB  Fonts_PrintChar_ConditionalTrueBlock66
             BF1               BF1  Fonts_PrintChar_forloop76
             C0F               C0F  Fonts_PrintChar_loopstart77
             C1D               C1D  Fonts_PrintChar_loopend78
             C1D               C1D  Fonts_PrintChar_elsedoneblock68
             C24               C24  Fonts_PrintChar_ConditionalTrueBlock82
             C2A               C2A  Fonts_PrintChar_forloop92
             C40               C40  @fsb_topp
             C4A               C4A  @fsb_nxt
             C5A               C5A  Fonts_PrintChar_loopstart93
             C68               C68  Fonts_PrintChar_loopend94
             C68               C68  Fonts_PrintChar_elsedoneblock84
             C69               C69  end_procedure_Fonts_PrintChar
             C69               C69  Fonts_PrintString_block97
             C69               C69  Fonts_PrintString
             C7C               C7C  Fonts_PrintString_while98
             C7C               C7C  Fonts_PrintString_loopstart102
             C8A               C8A  Fonts_PrintString_ConditionalTrueBlock99
             CB3               CB3  Fonts_PrintString_elsedoneblock101
             CB3               CB3  Fonts_PrintString_loopend103
             CB4               CB4  end_procedure_Fonts_PrintString
             CB4               CB4  BeePlay_bi
             CB6               CB6  BeePlay_Beep_block106
             CB6               CB6  BeePlay_Beep
             CCA               CCA  end_procedure_BeePlay_Beep
             CCA               CCA  BeePlay_Stop
             CD1               CD1  end_procedure_BeePlay_Stop
             CD1               CD1  BeePlay_Initialize_block108
             CD1               CD1  BeePlay_Initialize
             D57               D57  init_playnote
             D59               D59  player_notes
             DA3               DA3  init_playnote_call
             DC0               DC0  init_playnote_cont
             DC1               DC1  end_procedure_BeePlay_Initialize
             DC1               DC1  BeePlay_Play
             DDF               DDF  BeePlay_Play_ConditionalTrueBlock111
             DF8               DF8  BeePlay_Play_elseblock112
             DFE               DFE  BeePlay_Play_elsedoneblock113
             E0C               E0C  BeePlay_Play_ConditionalTrueBlock119
             E12               E12  BeePlay_Play_elsedoneblock121
             E1C               E1C  BeePlay_Play_localfailed152
             E23               E23  BeePlay_Play_ConditionalTrueBlock125
             E2F               E2F  BeePlay_Play_forloop154
             E40               E40  BeePlay_Play_ConditionalTrueBlock166
             E46               E46  BeePlay_Play_elsedoneblock168
             E46               E46  BeePlay_Play_loopstart155
             E56               E56  BeePlay_Play_loopend156
             E5D               E5D  BeePlay_Play_ConditionalTrueBlock172
             E60               E60  BeePlay_Play_elsedoneblock174
             E61               E61  BeePlay_Play_elsedoneblock127
             EB9               EB9  end_procedure_BeePlay_Play
             EB9               EB9  BeePlay_Update
             EC7               EC7  BeePlay_Update_ConditionalTrueBlock179
             EC8               EC8  BeePlay_Update_elsedoneblock181
             ED4               ED4  BeePlay_Update_forloop184
             F1B               F1B  BeePlay_Update_ConditionalTrueBlock208
             F27               F27  BeePlay_Update_ConditionalTrueBlock220
             F53               F53  BeePlay_Update_elsedoneblock222
             F53               F53  BeePlay_Update_elsedoneblock210
             F53               F53  BeePlay_Update_loopstart185
             F65               F65  BeePlay_Update_loopend186
             F73               F73  BeePlay_Update_ConditionalTrueBlock226
             F8B               F8B  BeePlay_Update_ConditionalTrueBlock238
             F91               F91  BeePlay_Update_elsedoneblock240
             F91               F91  BeePlay_Update_elsedoneblock228
             F92               F92  end_procedure_BeePlay_Update
             F92               F92  Compression_Decompress_block243
             F92               F92  Compression_Decompress
             FA7               FA7  @@parsetoken
             FAA               FAA  @@copyliterals
             FB2               FB2  @@doliteralcopy
             FB8               FB8  @@copymatches
             FBF               FBF  @@domatchcopy
             FD0               FD0  buildfullcount
             FD5               FD5  buildloop
             FDC               FDC  builddone
             FDD               FDD  @@done
             FE7               FE7  SHR4table
            10E8              10E8  end_procedure_Compression_Decompress
            10E8              10E8  Random_Random
            10F8              10F8  end_procedure_Random_Random
            10F8              10F8  pal
            10FA              10FA  SetPalette_block245
            10FA              10FA  SetPalette
            110C              110C  SetPalette_forloop249
            1199              1199  SetPalette_loopstart250
            11A9              11A9  SetPalette_loopend251
            11AC              11AC  SetPalette_casenext247
            11BE              11BE  SetPalette_forloop256
            123C              123C  SetPalette_loopstart257
            124C              124C  SetPalette_loopend258
            124C              124C  SetPalette_casenext254
            124C              124C  SetPalette_caseend246
            124D              124D  end_procedure_SetPalette
            124D              124D  DrawPalette
            1253              1253  DrawPalette_forloop262
            127A              127A  DrawPalette_loopstart263
            1288              1288  DrawPalette_loopend264
            1289              1289  end_procedure_DrawPalette
            1289              1289  SceneLinesReset
            12A2              12A2  end_procedure_SceneLinesReset
            12A2              12A2  SceneLinesRender
            12A8              12A8  SceneLinesRender_forloop269
            1364              1364  SceneLinesRender_loopstart270
            1374              1374  SceneLinesRender_loopend271
            137F              137F  SceneLinesRender_ConditionalTrueBlock275
            1384              1384  SceneLinesRender_elsedoneblock277
            13C9              13C9  end_procedure_SceneLinesRender
            13C9              13C9  SceneIntroRender
            1405              1405  end_procedure_SceneIntroRender
            1405              1405  SceneIntroReset
            1418              1418  end_procedure_SceneIntroReset
            1418              1418  SceneOutroRender
            1454              1454  end_procedure_SceneOutroRender
            1454              1454  SceneOutroReset
            1467              1467  end_procedure_SceneOutroReset
            1467              1467  scene_to_reset
            1469              1469  ResetScene_block284
            1469              1469  ResetScene
            1478              1478  ResetScene_casenext286
            1487              1487  ResetScene_casenext288
            1494              1494  ResetScene_casenext290
            1494              1494  ResetScene_caseend285
            1495              1495  end_procedure_ResetScene
            1495              1495  scene_to_render
            1497              1497  RenderScene_block292
            1497              1497  RenderScene
            14A6              14A6  RenderScene_casenext294
            14B5              14B5  RenderScene_casenext296
            14C2              14C2  RenderScene_casenext298
            14C2              14C2  RenderScene_caseend293
            14C3              14C3  end_procedure_RenderScene
            14C3              14C3  RasterIRQ
            14D9              14D9  end_procedure_RasterIRQ
            14D9              14D9  block1
            14D9              14D9  main_block_begin_
            15A2              15A2  MainProgram_while301
            15A2              15A2  MainProgram_loopstart305
            15AC              15AC  MainProgram_ConditionalTrueBlock302
            15AF              15AF  MainProgram_vblank1329
            15B4              15B4  MainProgram_vblank2330
            15E3              15E3  MainProgram_ConditionalTrueBlock332
            15F7              15F7  MainProgram_ConditionalTrueBlock344
            1603              1603  MainProgram_elsedoneblock346
            1615              1615  MainProgram_elsedoneblock334
            1640              1640  MainProgram_elsedoneblock304
            1640              1640  MainProgram_loopend306
            1640              1640  main_block_end_

