
- NASM Map file ---------------------------------------------------------------

Source file:  /home/piec/DOS/p1x-dos-demoscene/demo-01/TP/demo01/main.asm
Output file:  /home/piec/DOS/p1x-dos-demoscene/demo-01/TP/demo01/main.exe

-- Symbols --------------------------------------------------------------------

---- Section .text ------------------------------------------------------------

Real              Virtual           Name
             103               103  Memory_i1
             105               105  Memory_error_code
             107               107  Memory_blocks
             109               109  Screen_i
             10B               10B  Screen_noBuffers
             10D               10D  Screen_color
             10E               10E  Screen_red
             10F               10F  Screen_green
             110               110  Screen_blue
             111               111  Screen_buffer1
             115               115  Screen_buffer2
             119               119  Screen_buffer3
             11D               11D  Screen_buffer4
             121               121  Screen_buffer5
             125               125  Screen_source
             129               129  Screen_dest
             12D               12D  File_fp
             131               131  File_tp
             135               135  File_val
             137               137  File_size
             139               139  File_val2
             13B               13B  File_dst
             13F               13F  File_attr
             140               140  File_File_this
             144               144  File_file
             148               148  Gfx_y
             14A               14A  Gfx_color
             14C               14C  Fonts_font_size_x
             14E               14E  Fonts_font_size_y
             150               150  Fonts_font_columns
             152               152  Fonts_lookup
             1D2               1D2  Fonts_data
             1D6               1D6  Fonts_dst
             1DA               1DA  Fonts_dst2
             1DE               1DE  Fonts_src
             1E2               1E2  Fonts_tp
             1E6               1E6  Fonts_x
             1E8               1E8  Fonts_y
             1EA               1EA  Fonts_c
             1EC               1EC  Fonts_i
             1EE               1EE  Fonts_xx
             1F0               1F0  Fonts_shift
             1F2               1F2  Fonts_len
             1F4               1F4  Fonts_addValue
             1F5               1F5  Fonts_maskColor
             1F6               1F6  Fonts_writeType
             1F8               1F8  BeePlay_ptrOrder
             1FC               1FC  BeePlay_ptrPattern
             200               200  BeePlay_zp
             204               204  BeePlay_noChannels
             205               205  BeePlay_oct
             206               206  BeePlay_o3
             207               207  BeePlay_octShift
             208               208  BeePlay_o4
             209               209  BeePlay_i
             20B               20B  BeePlay_noRows
             20D               20D  BeePlay_val
             20F               20F  BeePlay_v2
             211               211  BeePlay_j
             213               213  BeePlay_curOrder
             215               215  BeePlay_noOrder
             217               217  BeePlay_curRow
             219               219  BeePlay_speed
             21B               21B  BeePlay_counter
             21D               21D  BeePlay_decayLength
             22D               22D  BeePlay_curNotes
             23D               23D  BeePlay_curDecay
             24D               24D  BeePlay_curN
             24F               24F  BeePlay_noteTable
             267               267  BeePlay_pow2
             27B               27B  Compression_inb
             27F               27F  Compression_outb
             283               283  Random_Seed
             285               285  song
             2B0               2B0  end_incbin_song
             2B0               2B0  font
             2B9               2B9  i
             2BB               2BB  time
             2BD               2BD  scene_time
             2BF               2BF  color
             2C1               2C1  c
             2C3               2C3  current_scene
             2C5               2C5  current_scene_len
             2C7               2C7  last_scene
             2C9               2C9  x1
             2CB               2CB  x2
             2CD               2CD  y1
             2CF               2CF  y2
             2D1               2D1  sx
             2D3               2D3  sy
             2D5               2D5  shift
             2D7               2D7  sinx
             4D7               4D7  siny
             6D7               6D7  grad
             757               757  intro_text
             76C               76C  lines_text
             77F               77F  outro_text
             792               792  tp
             796               796  Memory_ticks
             798               798  Memory_SetTimer_block2
             798               798  Memory_SetTimer
             7AB               7AB  end_procedure_Memory_SetTimer
             7AB               7AB  Memory_Init
             7C2               7C2  end_procedure_Memory_Init
             7C2               7C2  Memory_GetBlockMem_block4
             7C2               7C2  Memory_GetBlockMem
             7D8               7D8  gbe_ok
             7E3               7E3  end_procedure_Memory_GetBlockMem
             7E3               7E3  Screen_InitVGABuffers_block5
             7E3               7E3  Screen_InitVGABuffers
             7EA               7EA  Screen_InitVGABuffers_ConditionalTrueBlock7
             7FB               7FB  Screen_InitVGABuffers_elsedoneblock9
             802               802  Screen_InitVGABuffers_ConditionalTrueBlock13
             813               813  Screen_InitVGABuffers_elsedoneblock15
             81A               81A  Screen_InitVGABuffers_ConditionalTrueBlock19
             82B               82B  Screen_InitVGABuffers_elsedoneblock21
             832               832  Screen_InitVGABuffers_ConditionalTrueBlock25
             843               843  Screen_InitVGABuffers_elsedoneblock27
             84A               84A  Screen_InitVGABuffers_ConditionalTrueBlock31
             85B               85B  Screen_InitVGABuffers_elsedoneblock33
             85C               85C  end_procedure_Screen_InitVGABuffers
             85C               85C  Screen_SetColor_block36
             85C               85C  Screen_SetColor
             873               873  end_procedure_Screen_SetColor
             873               873  Screen_CopyVGABuffer32bit_block37
             873               873  Screen_CopyVGABuffer32bit
             888               888  end_procedure_Screen_CopyVGABuffer32bit
             888               888  _ax
             88A               88A  Screen_ClearBuffer32bit_block38
             88A               88A  Screen_ClearBuffer32bit
             895               895  end_procedure_Screen_ClearBuffer32bit
             895               895  Screen_SetMode_block39
             895               895  Screen_SetMode
             89B               89B  end_procedure_Screen_SetMode
             89B               89B  File_File_Open_block40
             89B               89B  File_File_Open
             8B4               8B4  end_procedure_File_File_Open
             8B4               8B4  File_File_Read_block41
             8B4               8B4  File_File_Read
             8DF               8DF  end_procedure_File_File_Read
             8DF               8DF  File_File_Close
             8F4               8F4  end_procedure_File_File_Close
             8F4               8F4  File_ReadAll_block43
             8F4               8F4  File_ReadAll
             939               939  end_procedure_File_ReadAll
             939               939  Gfx_i
             93B               93B  Gfx_s
             93D               93D  Gfx_d1x
             93F               93F  Gfx_d1y
             941               941  Gfx_d2x
             943               943  Gfx_d2y
             945               945  Gfx_u
             947               947  Gfx_v
             949               949  Gfx_m
             94B               94B  Gfx_n
             94D               94D  Gfx_a
             94F               94F  Gfx_b
             951               951  Gfx_c
             953               953  Gfx_d
             955               955  Gfx_where
             959               959  Gfx_DrawLine_block44
             959               959  Gfx_DrawLine
             973               973  @@Nopes
             975               975  @@Sgn
             97C               97C  @@Plus
             981               981  @@Neg
             984               984  @@Ferds
             985               985  @@There
             9BE               9BE  @@Not1
             9D1               9D1  @@Not2
             9FC               9FC  @@Vidr
             A0F               A0F  @@Vidr2
             A12               A12  @@Hmm
             A1E               A1E  @@Luup
             A3A               A3A  @@DoNo
             A5D               A5D  @@Not
             A65               A65  @@Ferd
             A72               A72  @@Ending
             A73               A73  end_procedure_Gfx_DrawLine
             A73               A73  Fonts_Init_block46
             A73               A73  Fonts_Init
             A96               A96  Fonts_Init_forloop47
             AC2               AC2  Fonts_Init_ConditionalTrueBlock59
             ADA               ADA  Fonts_Init_elsedoneblock61
             ADA               ADA  Fonts_Init_loopstart48
             AE8               AE8  Fonts_Init_loopend49
             AE9               AE9  end_procedure_Fonts_Init
             AE9               AE9  Fonts_PrintChar_block64
             AE9               AE9  Fonts_PrintChar
             B0F               B0F  Fonts_PrintChar_ConditionalTrueBlock66
             B15               B15  Fonts_PrintChar_forloop76
             B33               B33  Fonts_PrintChar_loopstart77
             B41               B41  Fonts_PrintChar_loopend78
             B41               B41  Fonts_PrintChar_elsedoneblock68
             B48               B48  Fonts_PrintChar_ConditionalTrueBlock82
             B4E               B4E  Fonts_PrintChar_forloop92
             B64               B64  @fsb_topp
             B6E               B6E  @fsb_nxt
             B7E               B7E  Fonts_PrintChar_loopstart93
             B8C               B8C  Fonts_PrintChar_loopend94
             B8C               B8C  Fonts_PrintChar_elsedoneblock84
             B8D               B8D  end_procedure_Fonts_PrintChar
             B8D               B8D  Fonts_PrintString_block97
             B8D               B8D  Fonts_PrintString
             BA0               BA0  Fonts_PrintString_while98
             BA0               BA0  Fonts_PrintString_loopstart102
             BAE               BAE  Fonts_PrintString_ConditionalTrueBlock99
             BD7               BD7  Fonts_PrintString_elsedoneblock101
             BD7               BD7  Fonts_PrintString_loopend103
             BD8               BD8  end_procedure_Fonts_PrintString
             BD8               BD8  BeePlay_bi
             BDA               BDA  BeePlay_Beep_block106
             BDA               BDA  BeePlay_Beep
             BEE               BEE  end_procedure_BeePlay_Beep
             BEE               BEE  BeePlay_Stop
             BF5               BF5  end_procedure_BeePlay_Stop
             BF5               BF5  BeePlay_Initialize_block108
             BF5               BF5  BeePlay_Initialize
             C7B               C7B  init_playnote
             C7D               C7D  player_notes
             CC7               CC7  init_playnote_call
             CE4               CE4  init_playnote_cont
             CE5               CE5  end_procedure_BeePlay_Initialize
             CE5               CE5  BeePlay_Play
             D03               D03  BeePlay_Play_ConditionalTrueBlock111
             D1C               D1C  BeePlay_Play_elseblock112
             D22               D22  BeePlay_Play_elsedoneblock113
             D30               D30  BeePlay_Play_ConditionalTrueBlock119
             D36               D36  BeePlay_Play_elsedoneblock121
             D40               D40  BeePlay_Play_localfailed152
             D47               D47  BeePlay_Play_ConditionalTrueBlock125
             D53               D53  BeePlay_Play_forloop154
             D64               D64  BeePlay_Play_ConditionalTrueBlock166
             D6A               D6A  BeePlay_Play_elsedoneblock168
             D6A               D6A  BeePlay_Play_loopstart155
             D7A               D7A  BeePlay_Play_loopend156
             D81               D81  BeePlay_Play_ConditionalTrueBlock172
             D84               D84  BeePlay_Play_elsedoneblock174
             D85               D85  BeePlay_Play_elsedoneblock127
             DDD               DDD  end_procedure_BeePlay_Play
             DDD               DDD  BeePlay_Update
             DEB               DEB  BeePlay_Update_ConditionalTrueBlock179
             DEC               DEC  BeePlay_Update_elsedoneblock181
             DF8               DF8  BeePlay_Update_forloop184
             E3F               E3F  BeePlay_Update_ConditionalTrueBlock208
             E4B               E4B  BeePlay_Update_ConditionalTrueBlock220
             E77               E77  BeePlay_Update_elsedoneblock222
             E77               E77  BeePlay_Update_elsedoneblock210
             E77               E77  BeePlay_Update_loopstart185
             E89               E89  BeePlay_Update_loopend186
             E97               E97  BeePlay_Update_ConditionalTrueBlock226
             EAF               EAF  BeePlay_Update_ConditionalTrueBlock238
             EB5               EB5  BeePlay_Update_elsedoneblock240
             EB5               EB5  BeePlay_Update_elsedoneblock228
             EB6               EB6  end_procedure_BeePlay_Update
             EB6               EB6  Compression_Decompress_block243
             EB6               EB6  Compression_Decompress
             ECB               ECB  @@parsetoken
             ECE               ECE  @@copyliterals
             ED6               ED6  @@doliteralcopy
             EDC               EDC  @@copymatches
             EE3               EE3  @@domatchcopy
             EF4               EF4  buildfullcount
             EF9               EF9  buildloop
             F00               F00  builddone
             F01               F01  @@done
             F0B               F0B  SHR4table
            100C              100C  end_procedure_Compression_Decompress
            100C              100C  Random_Random
            101C              101C  end_procedure_Random_Random
            101C              101C  pal
            101E              101E  SetPalette_block245
            101E              101E  SetPalette
            1030              1030  SetPalette_forloop249
            10BD              10BD  SetPalette_loopstart250
            10CD              10CD  SetPalette_loopend251
            10D0              10D0  SetPalette_casenext247
            10E2              10E2  SetPalette_forloop256
            1160              1160  SetPalette_loopstart257
            1170              1170  SetPalette_loopend258
            1170              1170  SetPalette_casenext254
            1170              1170  SetPalette_caseend246
            1171              1171  end_procedure_SetPalette
            1171              1171  DrawPalette
            1177              1177  DrawPalette_forloop262
            119E              119E  DrawPalette_loopstart263
            11AC              11AC  DrawPalette_loopend264
            11AD              11AD  end_procedure_DrawPalette
            11AD              11AD  SceneLinesReset
            11C6              11C6  end_procedure_SceneLinesReset
            11C6              11C6  SceneLinesRender
            11CC              11CC  SceneLinesRender_forloop269
            1288              1288  SceneLinesRender_loopstart270
            1298              1298  SceneLinesRender_loopend271
            12A3              12A3  SceneLinesRender_ConditionalTrueBlock275
            12A8              12A8  SceneLinesRender_elsedoneblock277
            12ED              12ED  end_procedure_SceneLinesRender
            12ED              12ED  SceneIntroRender
            1329              1329  end_procedure_SceneIntroRender
            1329              1329  SceneIntroReset
            133C              133C  end_procedure_SceneIntroReset
            133C              133C  SceneOutroRender
            1378              1378  end_procedure_SceneOutroRender
            1378              1378  SceneOutroReset
            138B              138B  end_procedure_SceneOutroReset
            138B              138B  scene_to_reset
            138D              138D  ResetScene_block284
            138D              138D  ResetScene
            139C              139C  ResetScene_casenext286
            13AB              13AB  ResetScene_casenext288
            13B8              13B8  ResetScene_casenext290
            13B8              13B8  ResetScene_caseend285
            13B9              13B9  end_procedure_ResetScene
            13B9              13B9  scene_to_render
            13BB              13BB  RenderScene_block292
            13BB              13BB  RenderScene
            13CA              13CA  RenderScene_casenext294
            13D9              13D9  RenderScene_casenext296
            13E6              13E6  RenderScene_casenext298
            13E6              13E6  RenderScene_caseend293
            13E7              13E7  end_procedure_RenderScene
            13E7              13E7  RasterIRQ
            13FD              13FD  end_procedure_RasterIRQ
            13FD              13FD  block1
            13FD              13FD  main_block_begin_
            14C6              14C6  MainProgram_while301
            14C6              14C6  MainProgram_loopstart305
            14D0              14D0  MainProgram_ConditionalTrueBlock302
            14D3              14D3  MainProgram_vblank1329
            14D8              14D8  MainProgram_vblank2330
            1507              1507  MainProgram_ConditionalTrueBlock332
            151B              151B  MainProgram_ConditionalTrueBlock344
            1527              1527  MainProgram_elsedoneblock346
            1539              1539  MainProgram_elsedoneblock334
            1564              1564  MainProgram_elsedoneblock304
            1564              1564  MainProgram_loopend306
            1564              1564  main_block_end_

