
- NASM Map file ---------------------------------------------------------------

Source file:  /home/piec/DOS/p1x-dos-demoscene/demo-01/TRSE/demo01/main.asm
Output file:  /home/piec/DOS/p1x-dos-demoscene/demo-01/TRSE/demo01/main.exe

-- Symbols --------------------------------------------------------------------

---- Section .text ------------------------------------------------------------

Real              Virtual           Name
             103               103  Memory_i1
             105               105  Memory_error_code
             107               107  Memory_source
             10B               10B  Memory_dest
             10F               10F  Memory_blocks
             111               111  Screen_i
             113               113  Screen_noBuffers
             115               115  Screen_color
             116               116  Screen_red
             117               117  Screen_green
             118               118  Screen_blue
             119               119  Screen_buffer1
             11D               11D  Screen_buffer2
             121               121  Screen_buffer3
             125               125  Screen_buffer4
             129               129  Screen_buffer5
             12D               12D  Screen_source
             131               131  Screen_dest
             135               135  File_File_this
             139               139  Gfx_x1
             13B               13B  Gfx_x2
             13D               13D  Gfx_y
             13F               13F  Gfx_y1
             141               141  Gfx_y2
             143               143  Gfx_color
             145               145  Gfx_addr
             149               149  Fonts_font_size_x
             14B               14B  Fonts_font_size_y
             14D               14D  Fonts_font_columns
             14F               14F  Fonts_lookup
             1CF               1CF  Fonts_data
             1D3               1D3  Fonts_dst
             1D7               1D7  Fonts_dst2
             1DB               1DB  Fonts_src
             1DF               1DF  Fonts_tp
             1E3               1E3  Fonts_x
             1E5               1E5  Fonts_y
             1E7               1E7  Fonts_c
             1E9               1E9  Fonts_i
             1EB               1EB  Fonts_xx
             1ED               1ED  Fonts_shift
             1EF               1EF  Fonts_len
             1F1               1F1  Fonts_addValue
             1F2               1F2  Fonts_maskColor
             1F3               1F3  Fonts_writeType
             1F5               1F5  BeePlay_ptrOrder
             1F9               1F9  BeePlay_ptrPattern
             1FD               1FD  BeePlay_zp
             201               201  BeePlay_noChannels
             202               202  BeePlay_oct
             203               203  BeePlay_o3
             204               204  BeePlay_octShift
             205               205  BeePlay_o4
             206               206  BeePlay_i
             208               208  BeePlay_noRows
             20A               20A  BeePlay_val
             20C               20C  BeePlay_v2
             20E               20E  BeePlay_j
             210               210  BeePlay_curOrder
             212               212  BeePlay_noOrder
             214               214  BeePlay_curRow
             216               216  BeePlay_speed
             218               218  BeePlay_counter
             21A               21A  BeePlay_decayLength
             22A               22A  BeePlay_curNotes
             23A               23A  BeePlay_curDecay
             24A               24A  BeePlay_curN
             24C               24C  BeePlay_noteTable
             264               264  BeePlay_pow2
             278               278  Compression_inb
             27C               27C  Compression_outb
             280               280  Random_Seed
             282               282  song
             333               333  end_incbin_song
             333               333  font
            279F              279F  end_incbin_font
            279F              279F  sprites
            72B0              72B0  end_incbin_sprites
            72B0              72B0  logos
            A1A4              A1A4  end_incbin_logos
            A1A4              A1A4  i
            A1A6              A1A6  j
            A1A8              A1A8  time
            A1AA              A1AA  scene_time
            A1AC              A1AC  color
            A1AE              A1AE  color2
            A1B0              A1B0  c
            A1B2              A1B2  current_scene
            A1B4              A1B4  current_scene_len
            A1B6              A1B6  last_scene
            A1B8              A1B8  debug
            A1B9              A1B9  stars_particle_type_particle_type_x
            A411              A411  stars_particle_type_particle_type_y
            A669              A669  stars_particle_type_particle_type_z
            A8C1              A8C1  stars_particle_type_particle_type_speed
            AB19              AB19  stars_colors
            AC19              AC19  spr_kkj_anim_sprite_type_sprite_type_x
            AC2B              AC2B  spr_kkj_anim_sprite_type_sprite_type_y
            AC3D              AC3D  spr_kkj_anim_sprite_type_sprite_type_w
            AC4F              AC4F  spr_kkj_anim_sprite_type_sprite_type_h
            AC61              AC61  spr_ship_big_sprite_type_sprite_type_x
            AC69              AC69  spr_ship_big_sprite_type_sprite_type_y
            AC71              AC71  spr_ship_big_sprite_type_sprite_type_w
            AC79              AC79  spr_ship_big_sprite_type_sprite_type_h
            AC81              AC81  spr_logos_sprite_type_sprite_type_x
            AC89              AC89  spr_logos_sprite_type_sprite_type_y
            AC91              AC91  spr_logos_sprite_type_sprite_type_w
            AC99              AC99  spr_logos_sprite_type_sprite_type_h
            ACA1              ACA1  skyline_distribution
            AEA1              AEA1  skyline_sizes
            AEB1              AEB1  depth_color
            AFB1              AFB1  factor
            AFB3              AFB3  scene_intro_bar_size
            AFB4              AFB4  last_spr
            AFB5              AFB5  x1
            AFB7              AFB7  x2
            AFB9              AFB9  y1
            AFBB              AFBB  y2
            AFBD              AFBD  x
            AFBF              AFBF  y
            AFC1              AFC1  size
            AFC3              AFC3  w
            AFC5              AFC5  h
            AFC7              AFC7  sx
            AFC9              AFC9  sy
            AFCB              AFCB  sz
            AFCD              AFCD  shift
            AFCF              AFCF  sin64
            B04F              B04F  sin32
            B14F              B14F  sin256
            B24F              B24F  scene_intro_color
            B250              B250  demo_name_text
            B260              B260  powered_by_text
            B270              B270  intel486_text
            B280              B280  outro_text
            B291              B291  date_text
            B29E              B29E  tp
            B2A2              B2A2  Memory_ticks
            B2A4              B2A4  Memory_SetTimer_block2
            B2A4              B2A4  Memory_SetTimer
            B2B7              B2B7  end_procedure_Memory_SetTimer
            B2B7              B2B7  Memory_Init
            B2CE              B2CE  end_procedure_Memory_Init
            B2CE              B2CE  Memory_GetBlockMem_block4
            B2CE              B2CE  Memory_GetBlockMem
            B2E4              B2E4  gbe_ok
            B2EF              B2EF  end_procedure_Memory_GetBlockMem
            B2EF              B2EF  Memory_CopyData16_block5
            B2EF              B2EF  Memory_CopyData16
            B300              B300  end_procedure_Memory_CopyData16
            B300              B300  Screen_InitVGABuffers_block6
            B300              B300  Screen_InitVGABuffers
            B307              B307  Screen_InitVGABuffers_ConditionalTrueBlock8
            B318              B318  Screen_InitVGABuffers_elsedoneblock10
            B31F              B31F  Screen_InitVGABuffers_ConditionalTrueBlock14
            B330              B330  Screen_InitVGABuffers_elsedoneblock16
            B337              B337  Screen_InitVGABuffers_ConditionalTrueBlock20
            B348              B348  Screen_InitVGABuffers_elsedoneblock22
            B34F              B34F  Screen_InitVGABuffers_ConditionalTrueBlock26
            B360              B360  Screen_InitVGABuffers_elsedoneblock28
            B367              B367  Screen_InitVGABuffers_ConditionalTrueBlock32
            B378              B378  Screen_InitVGABuffers_elsedoneblock34
            B379              B379  end_procedure_Screen_InitVGABuffers
            B379              B379  Screen_SetColor_block37
            B379              B379  Screen_SetColor
            B390              B390  end_procedure_Screen_SetColor
            B390              B390  Screen_CopyVGABuffer32bit_block38
            B390              B390  Screen_CopyVGABuffer32bit
            B3A5              B3A5  end_procedure_Screen_CopyVGABuffer32bit
            B3A5              B3A5  _ax
            B3A7              B3A7  Screen_ClearBuffer32bit_block39
            B3A7              B3A7  Screen_ClearBuffer32bit
            B3B2              B3B2  end_procedure_Screen_ClearBuffer32bit
            B3B2              B3B2  Screen_SetMode_block40
            B3B2              B3B2  Screen_SetMode
            B3B8              B3B8  end_procedure_Screen_SetMode
            B3B8              B3B8  Gfx_buffer
            B3BC              B3BC  Gfx_PutPixel_block41
            B3BC              B3BC  Gfx_PutPixel
            B3DB              B3DB  end_procedure_Gfx_PutPixel
            B3DB              B3DB  Gfx_i
            B3DD              B3DD  Gfx_s
            B3DF              B3DF  Gfx_d1x
            B3E1              B3E1  Gfx_d1y
            B3E3              B3E3  Gfx_d2x
            B3E5              B3E5  Gfx_d2y
            B3E7              B3E7  Gfx_u
            B3E9              B3E9  Gfx_v
            B3EB              B3EB  Gfx_m
            B3ED              B3ED  Gfx_n
            B3EF              B3EF  Gfx_a
            B3F1              B3F1  Gfx_b
            B3F3              B3F3  Gfx_c
            B3F5              B3F5  Gfx_d
            B3F7              B3F7  Gfx_where
            B3FB              B3FB  Gfx_DrawLine_block42
            B3FB              B3FB  Gfx_DrawLine
            B415              B415  @@Nopes
            B417              B417  @@Sgn
            B41E              B41E  @@Plus
            B423              B423  @@Neg
            B426              B426  @@Ferds
            B427              B427  @@There
            B460              B460  @@Not1
            B473              B473  @@Not2
            B49E              B49E  @@Vidr
            B4B1              B4B1  @@Vidr2
            B4B4              B4B4  @@Hmm
            B4C0              B4C0  @@Luup
            B4DC              B4DC  @@DoNo
            B4FF              B4FF  @@Not
            B507              B507  @@Ferd
            B514              B514  @@Ending
            B515              B515  end_procedure_Gfx_DrawLine
            B515              B515  Gfx_Hline_block44
            B515              B515  Gfx_Hline
            B543              B543  @start
            B546              B546  @@nei
            B547              B547  end_procedure_Gfx_Hline
            B547              B547  Gfx_DrawSquare_block45
            B547              B547  Gfx_DrawSquare
            B54D              B54D  Gfx_DrawSquare_forloop46
            B550              B550  Gfx_DrawSquare_loopstart47
            B55E              B55E  Gfx_DrawSquare_loopend48
            B55F              B55F  end_procedure_Gfx_DrawSquare
            B55F              B55F  Fonts_Init_block51
            B55F              B55F  Fonts_Init
            B582              B582  Fonts_Init_forloop52
            B5AE              B5AE  Fonts_Init_ConditionalTrueBlock64
            B5C6              B5C6  Fonts_Init_elsedoneblock66
            B5C6              B5C6  Fonts_Init_loopstart53
            B5D4              B5D4  Fonts_Init_loopend54
            B5D5              B5D5  end_procedure_Fonts_Init
            B5D5              B5D5  Fonts_PrintChar_block69
            B5D5              B5D5  Fonts_PrintChar
            B5FB              B5FB  Fonts_PrintChar_ConditionalTrueBlock71
            B601              B601  Fonts_PrintChar_forloop81
            B61F              B61F  Fonts_PrintChar_loopstart82
            B62D              B62D  Fonts_PrintChar_loopend83
            B62D              B62D  Fonts_PrintChar_elsedoneblock73
            B634              B634  Fonts_PrintChar_ConditionalTrueBlock87
            B63A              B63A  Fonts_PrintChar_forloop97
            B650              B650  @fsb_topp
            B65A              B65A  @fsb_nxt
            B66A              B66A  Fonts_PrintChar_loopstart98
            B678              B678  Fonts_PrintChar_loopend99
            B678              B678  Fonts_PrintChar_elsedoneblock89
            B679              B679  end_procedure_Fonts_PrintChar
            B679              B679  Fonts_PrintString_block102
            B679              B679  Fonts_PrintString
            B68C              B68C  Fonts_PrintString_while103
            B68C              B68C  Fonts_PrintString_loopstart107
            B69A              B69A  Fonts_PrintString_ConditionalTrueBlock104
            B6C3              B6C3  Fonts_PrintString_elsedoneblock106
            B6C3              B6C3  Fonts_PrintString_loopend108
            B6C4              B6C4  end_procedure_Fonts_PrintString
            B6C4              B6C4  BeePlay_bi
            B6C6              B6C6  BeePlay_Beep_block111
            B6C6              B6C6  BeePlay_Beep
            B6DA              B6DA  end_procedure_BeePlay_Beep
            B6DA              B6DA  BeePlay_Stop
            B6E1              B6E1  end_procedure_BeePlay_Stop
            B6E1              B6E1  BeePlay_Initialize_block113
            B6E1              B6E1  BeePlay_Initialize
            B767              B767  init_playnote
            B769              B769  player_notes
            B7B3              B7B3  init_playnote_call
            B7D0              B7D0  init_playnote_cont
            B7D1              B7D1  end_procedure_BeePlay_Initialize
            B7D1              B7D1  BeePlay_Play
            B7EF              B7EF  BeePlay_Play_ConditionalTrueBlock116
            B808              B808  BeePlay_Play_elseblock117
            B80E              B80E  BeePlay_Play_elsedoneblock118
            B81C              B81C  BeePlay_Play_ConditionalTrueBlock124
            B822              B822  BeePlay_Play_elsedoneblock126
            B82C              B82C  BeePlay_Play_localfailed157
            B833              B833  BeePlay_Play_ConditionalTrueBlock130
            B83F              B83F  BeePlay_Play_forloop159
            B850              B850  BeePlay_Play_ConditionalTrueBlock171
            B856              B856  BeePlay_Play_elsedoneblock173
            B856              B856  BeePlay_Play_loopstart160
            B866              B866  BeePlay_Play_loopend161
            B86D              B86D  BeePlay_Play_ConditionalTrueBlock177
            B870              B870  BeePlay_Play_elsedoneblock179
            B871              B871  BeePlay_Play_elsedoneblock132
            B8C9              B8C9  end_procedure_BeePlay_Play
            B8C9              B8C9  BeePlay_Update
            B8D7              B8D7  BeePlay_Update_ConditionalTrueBlock184
            B8D8              B8D8  BeePlay_Update_elsedoneblock186
            B8E4              B8E4  BeePlay_Update_forloop189
            B92B              B92B  BeePlay_Update_ConditionalTrueBlock213
            B937              B937  BeePlay_Update_ConditionalTrueBlock225
            B963              B963  BeePlay_Update_elsedoneblock227
            B963              B963  BeePlay_Update_elsedoneblock215
            B963              B963  BeePlay_Update_loopstart190
            B975              B975  BeePlay_Update_loopend191
            B983              B983  BeePlay_Update_ConditionalTrueBlock231
            B99B              B99B  BeePlay_Update_ConditionalTrueBlock243
            B9A1              B9A1  BeePlay_Update_elsedoneblock245
            B9A1              B9A1  BeePlay_Update_elsedoneblock233
            B9A2              B9A2  end_procedure_BeePlay_Update
            B9A2              B9A2  Compression_Decompress_block248
            B9A2              B9A2  Compression_Decompress
            B9B7              B9B7  @@parsetoken
            B9BA              B9BA  @@copyliterals
            B9C2              B9C2  @@doliteralcopy
            B9C8              B9C8  @@copymatches
            B9CF              B9CF  @@domatchcopy
            B9E0              B9E0  buildfullcount
            B9E5              B9E5  buildloop
            B9EC              B9EC  builddone
            B9ED              B9ED  @@done
            B9F7              B9F7  SHR4table
            BAF8              BAF8  end_procedure_Compression_Decompress
            BAF8              BAF8  Random_Random
            BB08              BB08  end_procedure_Random_Random
            BB08              BB08  pal
            BB0A              BB0A  SetPalette_block250
            BB0A              BB0A  SetPalette
            BB1C              BB1C  SetPalette_forloop254
            BBDA              BBDA  SetPalette_loopstart255
            BBEA              BBEA  SetPalette_loopend256
            BC07              BC07  SetPalette_forloop259
            BC55              BC55  SetPalette_loopstart260
            BC63              BC63  SetPalette_loopend261
            BC66              BC66  SetPalette_casenext252
            BC78              BC78  SetPalette_forloop266
            BD36              BD36  SetPalette_loopstart267
            BD46              BD46  SetPalette_loopend268
            BD63              BD63  SetPalette_forloop271
            BDFC              BDFC  SetPalette_loopstart272
            BE0C              BE0C  SetPalette_loopend273
            BE0F              BE0F  SetPalette_casenext264
            BE21              BE21  SetPalette_forloop278
            BF16              BF16  SetPalette_loopstart279
            BF26              BF26  SetPalette_loopend280
            BF29              BF29  SetPalette_casenext276
            BF3B              BF3B  SetPalette_forloop285
            C030              C030  SetPalette_loopstart286
            C040              C040  SetPalette_loopend287
            C057              C057  SetPalette_casenext283
            C057              C057  SetPalette_caseend251
            C058              C058  end_procedure_SetPalette
            C058              C058  DrawPalette
            C05E              C05E  DrawPalette_forloop291
            C085              C085  DrawPalette_loopstart292
            C093              C093  DrawPalette_loopend293
            C094              C094  end_procedure_DrawPalette
            C094              C094  bank
            C098              C098  VFXSpriteDraw_block296
            C098              C098  VFXSpriteDraw
            C09E              C09E  VFXSpriteDraw_forloop297
            C0E7              C0E7  VFXSpriteDraw_loopstart298
            C0F5              C0F5  VFXSpriteDraw_loopend299
            C0F6              C0F6  end_procedure_VFXSpriteDraw
            C0F6              C0F6  logo_color
            C0F7              C0F7  P1XLogoDraw_block302
            C0F7              C0F7  P1XLogoDraw
            C464              C464  end_procedure_P1XLogoDraw
            C464              C464  VfxRenderStars
            C46A              C46A  VfxRenderStars_forloop304
            C499              C499  VfxRenderStars_ConditionalTrueBlock325
            C4A6              C4A6  VfxRenderStars_elsedoneblock327
            C50C              C50C  VfxRenderStars_localsuccess335
            C514              C514  VfxRenderStars_localsuccess336
            C51B              C51B  VfxRenderStars_localsuccess337
            C523              C523  VfxRenderStars_ConditionalTrueBlock331
            C544              C544  VfxRenderStars_elsedoneblock333
            C544              C544  VfxRenderStars_loopstart305
            C554              C554  VfxRenderStars_loopend306
            C555              C555  end_procedure_VfxRenderStars
            C555              C555  SceneIntroRender
            C560              C560  SceneIntroRender_ConditionalTrueBlock341
            C567              C567  SceneIntroRender_ConditionalTrueBlock361
            C56C              C56C  SceneIntroRender_elsedoneblock363
            C56E              C56E  SceneIntroRender_elseblock342
            C576              C576  SceneIntroRender_localsuccess372
            C57D              C57D  SceneIntroRender_ConditionalTrueBlock368
            C582              C582  SceneIntroRender_elsedoneblock370
            C582              C582  SceneIntroRender_elsedoneblock343
            C58A              C58A  SceneIntroRender_ConditionalTrueBlock375
            C591              C591  SceneIntroRender_ConditionalTrueBlock394
            C596              C596  SceneIntroRender_elsedoneblock396
            C598              C598  SceneIntroRender_elseblock376
            C59F              C59F  SceneIntroRender_ConditionalTrueBlock401
            C5A4              C5A4  SceneIntroRender_elsedoneblock403
            C5A4              C5A4  SceneIntroRender_elsedoneblock377
            C5AB              C5AB  SceneIntroRender_ConditionalTrueBlock407
            C5B6              C5B6  SceneIntroRender_elsedoneblock409
            C5D8              C5D8  SceneIntroRender_ConditionalTrueBlock413
            C5DE              C5DE  SceneIntroRender_forloop467
            C635              C635  SceneIntroRender_localsuccess502
            C63C              C63C  SceneIntroRender_ConditionalTrueBlock492
            C649              C649  SceneIntroRender_ConditionalTrueBlock505
            C64F              C64F  SceneIntroRender_elsedoneblock507
            C67E              C67E  SceneIntroRender_elsedoneblock494
            C67E              C67E  SceneIntroRender_loopstart468
            C690              C690  SceneIntroRender_loopend469
            C697              C697  SceneIntroRender_ConditionalTrueBlock511
            C6C2              C6C2  SceneIntroRender_elsedoneblock513
            C6C2              C6C2  SceneIntroRender_elsedoneblock415
            C6C3              C6C3  end_procedure_SceneIntroRender
            C6C3              C6C3  SceneIntroReset
            C6C9              C6C9  SceneIntroReset_forloop517
            C73B              C73B  SceneIntroReset_loopstart518
            C749              C749  SceneIntroReset_loopend519
            C767              C767  end_procedure_SceneIntroReset
            C767              C767  SceneSpaceReset
            C77A              C77A  end_procedure_SceneSpaceReset
            C77A              C77A  SceneSpaceRender
            C7F2              C7F2  SceneSpaceRender_ConditionalTrueBlock525
            C803              C803  SceneSpaceRender_elsedoneblock527
            C80B              C80B  SceneSpaceRender_ConditionalTrueBlock531
            C817              C817  SceneSpaceRender_elsedoneblock533
            C95F              C95F  end_procedure_SceneSpaceRender
            C95F              C95F  levels
            C961              C961  SceneHighwaySkyLineDraw_block536
            C961              C961  SceneHighwaySkyLineDraw
            C967              C967  SceneHighwaySkyLineDraw_forloop537
            C9A1              C9A1  SceneHighwaySkyLineDraw_loopstart538
            C9AF              C9AF  SceneHighwaySkyLineDraw_loopend539
            C9E8              C9E8  SceneHighwaySkyLineDraw_forloop542
            CA32              CA32  SceneHighwaySkyLineDraw_loopstart543
            CA40              CA40  SceneHighwaySkyLineDraw_loopend544
            CA46              CA46  SceneHighwaySkyLineDraw_forloop547
            CAB3              CAB3  SceneHighwaySkyLineDraw_loopstart548
            CAC5              CAC5  SceneHighwaySkyLineDraw_loopend549
            CAC6              CAC6  end_procedure_SceneHighwaySkyLineDraw
            CAC6              CAC6  factor2
            CAC8              CAC8  SceneHighwayTerrainDraw_block552
            CAC8              CAC8  SceneHighwayTerrainDraw
            CACE              CACE  SceneHighwayTerrainDraw_forloop553
            CBC0              CBC0  SceneHighwayTerrainDraw_ConditionalTrueBlock565
            CC0E              CC0E  SceneHighwayTerrainDraw_elsedoneblock567
            CC3D              CC3D  SceneHighwayTerrainDraw_loopstart554
            CC4D              CC4D  SceneHighwayTerrainDraw_loopend555
            CC4E              CC4E  end_procedure_SceneHighwayTerrainDraw
            CC4E              CC4E  SceneHighwayCarDraw
            CC4F              CC4F  end_procedure_SceneHighwayCarDraw
            CC4F              CC4F  SceneHighwayReset
            CC5C              CC5C  end_procedure_SceneHighwayReset
            CC5C              CC5C  SceneHighwayRender
            CC63              CC63  end_procedure_SceneHighwayRender
            CC63              CC63  SceneOutroRender
            CC88              CC88  SceneOutroRender_localsuccess579
            CC90              CC90  SceneOutroRender_ConditionalTrueBlock575
            CCCA              CCCA  SceneOutroRender_elsedoneblock577
            CCD2              CCD2  SceneOutroRender_localsuccess586
            CCDA              CCDA  SceneOutroRender_ConditionalTrueBlock582
            CD14              CD14  SceneOutroRender_elsedoneblock584
            CD1C              CD1C  SceneOutroRender_localsuccess593
            CD24              CD24  SceneOutroRender_ConditionalTrueBlock589
            CD5E              CD5E  SceneOutroRender_elsedoneblock591
            CDB5              CDB5  end_procedure_SceneOutroRender
            CDB5              CDB5  SceneOutroReset
            CDCE              CDCE  end_procedure_SceneOutroReset
            CDCE              CDCE  scene_to_reset
            CDD0              CDD0  ResetScene_block596
            CDD0              CDD0  ResetScene
            CDF1              CDF1  ResetScene_casenext598
            CE00              CE00  ResetScene_casenext600
            CE0F              CE0F  ResetScene_casenext602
            CE1C              CE1C  ResetScene_casenext604
            CE1C              CE1C  ResetScene_caseend597
            CE1D              CE1D  end_procedure_ResetScene
            CE1D              CE1D  scene_to_render
            CE1F              CE1F  RenderScene_block606
            CE1F              CE1F  RenderScene
            CE40              CE40  RenderScene_casenext608
            CE61              CE61  RenderScene_casenext610
            CE70              CE70  RenderScene_casenext612
            CE8F              CE8F  RenderScene_casenext614
            CE8F              CE8F  RenderScene_caseend607
            CE90              CE90  end_procedure_RenderScene
            CE90              CE90  RasterIRQ
            CEB0              CEB0  end_procedure_RasterIRQ
            CEB0              CEB0  color_shift
            CEB1              CEB1  ReColorSprite_block617
            CEB1              CEB1  ReColorSprite
            CEB7              CEB7  ReColorSprite_forloop618
            CEBD              CEBD  ReColorSprite_forloop628
            CEF9              CEF9  ReColorSprite_loopstart629
            CF0B              CF0B  ReColorSprite_loopend630
            CF0B              CF0B  ReColorSprite_loopstart619
            CF1D              CF1D  ReColorSprite_loopend620
            CF1E              CF1E  end_procedure_ReColorSprite
            CF1E              CF1E  MapSprites
            CFC9              CFC9  MapSprites_forloop634
            CFE2              CFE2  MapSprites_casenext659
            CFF5              CFF5  MapSprites_casenext661
            D007              D007  MapSprites_casenext663
            D019              D019  MapSprites_casenext665
            D02B              D02B  MapSprites_casenext667
            D03D              D03D  MapSprites_casenext669
            D04F              D04F  MapSprites_casenext671
            D067              D067  MapSprites_casenext673
            D07D              D07D  MapSprites_casenext675
            D07D              D07D  MapSprites_caseend658
            D0EA              D0EA  MapSprites_loopstart635
            D0FA              D0FA  MapSprites_loopend636
            D0FB              D0FB  end_procedure_MapSprites
            D0FB              D0FB  block1
            D0FB              D0FB  main_block_begin_
            D228              D228  MainProgram_while677
            D228              D228  MainProgram_loopstart681
            D230              D230  MainProgram_ConditionalTrueBlock678
            D233              D233  MainProgram_vblank1711
            D238              D238  MainProgram_vblank2712
            D267              D267  MainProgram_ConditionalTrueBlock714
            D27B              D27B  MainProgram_ConditionalTrueBlock726
            D287              D287  MainProgram_elsedoneblock728
            D299              D299  MainProgram_elsedoneblock716
            D2A9              D2A9  MainProgram_ConditionalTrueBlock732
            D2AC              D2AC  MainProgram_elsedoneblock734
            D2AF              D2AF  MainProgram_elsedoneblock680
            D2AF              D2AF  MainProgram_loopend682
            D2AF              D2AF  main_block_end_

