
- NASM Map file ---------------------------------------------------------------

Source file:  /home/piec/DOS/p1x-dos-demoscene/demo-01/TRSE/demo01/main.asm
Output file:  /home/piec/DOS/p1x-dos-demoscene/demo-01/TRSE/demo01/main.exe

-- Symbols --------------------------------------------------------------------

---- Section .text ------------------------------------------------------------

Real              Virtual           Name
             103               103  Memory_i1
             105               105  Memory_error_code
             107               107  Memory_blocks
             109               109  Screen_i
             10B               10B  Screen_noBuffers
             10D               10D  Screen_color
             10E               10E  Screen_red
             10F               10F  Screen_green
             110               110  Screen_blue
             111               111  Screen_buffer1
             115               115  Screen_buffer2
             119               119  Screen_buffer3
             11D               11D  Screen_buffer4
             121               121  Screen_buffer5
             125               125  Screen_source
             129               129  Screen_dest
             12D               12D  File_fp
             131               131  File_tp
             135               135  File_val
             137               137  File_size
             139               139  File_val2
             13B               13B  File_dst
             13F               13F  File_attr
             140               140  File_File_this
             144               144  File_file
             148               148  Gfx_x1
             14A               14A  Gfx_x2
             14C               14C  Gfx_y
             14E               14E  Gfx_y1
             150               150  Gfx_y2
             152               152  Gfx_color
             154               154  Gfx_addr
             158               158  Fonts_font_size_x
             15A               15A  Fonts_font_size_y
             15C               15C  Fonts_font_columns
             15E               15E  Fonts_lookup
             1DE               1DE  Fonts_data
             1E2               1E2  Fonts_dst
             1E6               1E6  Fonts_dst2
             1EA               1EA  Fonts_src
             1EE               1EE  Fonts_tp
             1F2               1F2  Fonts_x
             1F4               1F4  Fonts_y
             1F6               1F6  Fonts_c
             1F8               1F8  Fonts_i
             1FA               1FA  Fonts_xx
             1FC               1FC  Fonts_shift
             1FE               1FE  Fonts_len
             200               200  Fonts_addValue
             201               201  Fonts_maskColor
             202               202  Fonts_writeType
             204               204  BeePlay_ptrOrder
             208               208  BeePlay_ptrPattern
             20C               20C  BeePlay_zp
             210               210  BeePlay_noChannels
             211               211  BeePlay_oct
             212               212  BeePlay_o3
             213               213  BeePlay_octShift
             214               214  BeePlay_o4
             215               215  BeePlay_i
             217               217  BeePlay_noRows
             219               219  BeePlay_val
             21B               21B  BeePlay_v2
             21D               21D  BeePlay_j
             21F               21F  BeePlay_curOrder
             221               221  BeePlay_noOrder
             223               223  BeePlay_curRow
             225               225  BeePlay_speed
             227               227  BeePlay_counter
             229               229  BeePlay_decayLength
             239               239  BeePlay_curNotes
             249               249  BeePlay_curDecay
             259               259  BeePlay_curN
             25B               25B  BeePlay_noteTable
             273               273  BeePlay_pow2
             287               287  Compression_inb
             28B               28B  Compression_outb
             28F               28F  Random_Seed
             291               291  song
             2BC               2BC  end_incbin_song
             2BC               2BC  font
             2C5               2C5  i
             2C7               2C7  time
             2C9               2C9  scene_time
             2CB               2CB  color
             2CD               2CD  color2
             2CF               2CF  c
             2D1               2D1  current_scene
             2D3               2D3  current_scene_len
             2D5               2D5  last_scene
             2D7               2D7  stars_particle_particle_x
             52F               52F  stars_particle_particle_y
             787               787  stars_particle_particle_z
             9DF               9DF  stars_particle_particle_speed
             C37               C37  stars_colors
             D37               D37  skyline_distribution
             F37               F37  skyline_sizes
             F47               F47  depth_color
            1047              1047  factor
            1049              1049  x
            104B              104B  y
            104D              104D  sx
            104F              104F  sy
            1051              1051  sz
            1053              1053  sin64
            10D3              10D3  sin32
            11D3              11D3  scene_intro_color
            11D4              11D4  intro_text
            11E4              11E4  outro_text
            11F7              11F7  date_text
            1204              1204  tp
            1208              1208  Memory_ticks
            120A              120A  Memory_SetTimer_block2
            120A              120A  Memory_SetTimer
            121D              121D  end_procedure_Memory_SetTimer
            121D              121D  Memory_Init
            1234              1234  end_procedure_Memory_Init
            1234              1234  Memory_GetBlockMem_block4
            1234              1234  Memory_GetBlockMem
            124A              124A  gbe_ok
            1255              1255  end_procedure_Memory_GetBlockMem
            1255              1255  Screen_InitVGABuffers_block5
            1255              1255  Screen_InitVGABuffers
            125C              125C  Screen_InitVGABuffers_ConditionalTrueBlock7
            126D              126D  Screen_InitVGABuffers_elsedoneblock9
            1274              1274  Screen_InitVGABuffers_ConditionalTrueBlock13
            1285              1285  Screen_InitVGABuffers_elsedoneblock15
            128C              128C  Screen_InitVGABuffers_ConditionalTrueBlock19
            129D              129D  Screen_InitVGABuffers_elsedoneblock21
            12A4              12A4  Screen_InitVGABuffers_ConditionalTrueBlock25
            12B5              12B5  Screen_InitVGABuffers_elsedoneblock27
            12BC              12BC  Screen_InitVGABuffers_ConditionalTrueBlock31
            12CD              12CD  Screen_InitVGABuffers_elsedoneblock33
            12CE              12CE  end_procedure_Screen_InitVGABuffers
            12CE              12CE  Screen_SetColor_block36
            12CE              12CE  Screen_SetColor
            12E5              12E5  end_procedure_Screen_SetColor
            12E5              12E5  Screen_CopyVGABuffer32bit_block37
            12E5              12E5  Screen_CopyVGABuffer32bit
            12FA              12FA  end_procedure_Screen_CopyVGABuffer32bit
            12FA              12FA  _ax
            12FC              12FC  Screen_ClearBuffer32bit_block38
            12FC              12FC  Screen_ClearBuffer32bit
            1307              1307  end_procedure_Screen_ClearBuffer32bit
            1307              1307  Screen_SetMode_block39
            1307              1307  Screen_SetMode
            130D              130D  end_procedure_Screen_SetMode
            130D              130D  File_File_Open_block40
            130D              130D  File_File_Open
            1326              1326  end_procedure_File_File_Open
            1326              1326  File_File_Read_block41
            1326              1326  File_File_Read
            1351              1351  end_procedure_File_File_Read
            1351              1351  File_File_Close
            1366              1366  end_procedure_File_File_Close
            1366              1366  File_ReadAll_block43
            1366              1366  File_ReadAll
            13AB              13AB  end_procedure_File_ReadAll
            13AB              13AB  Gfx_buffer
            13AF              13AF  Gfx_PutPixel_block44
            13AF              13AF  Gfx_PutPixel
            13CE              13CE  end_procedure_Gfx_PutPixel
            13CE              13CE  Gfx_i
            13D0              13D0  Gfx_s
            13D2              13D2  Gfx_d1x
            13D4              13D4  Gfx_d1y
            13D6              13D6  Gfx_d2x
            13D8              13D8  Gfx_d2y
            13DA              13DA  Gfx_u
            13DC              13DC  Gfx_v
            13DE              13DE  Gfx_m
            13E0              13E0  Gfx_n
            13E2              13E2  Gfx_a
            13E4              13E4  Gfx_b
            13E6              13E6  Gfx_c
            13E8              13E8  Gfx_d
            13EA              13EA  Gfx_where
            13EE              13EE  Gfx_DrawLine_block45
            13EE              13EE  Gfx_DrawLine
            1408              1408  @@Nopes
            140A              140A  @@Sgn
            1411              1411  @@Plus
            1416              1416  @@Neg
            1419              1419  @@Ferds
            141A              141A  @@There
            1453              1453  @@Not1
            1466              1466  @@Not2
            1491              1491  @@Vidr
            14A4              14A4  @@Vidr2
            14A7              14A7  @@Hmm
            14B3              14B3  @@Luup
            14CF              14CF  @@DoNo
            14F2              14F2  @@Not
            14FA              14FA  @@Ferd
            1507              1507  @@Ending
            1508              1508  end_procedure_Gfx_DrawLine
            1508              1508  Gfx_Hline_block47
            1508              1508  Gfx_Hline
            1536              1536  @start
            1539              1539  @@nei
            153A              153A  end_procedure_Gfx_Hline
            153A              153A  Gfx_DrawSquare_block48
            153A              153A  Gfx_DrawSquare
            1540              1540  Gfx_DrawSquare_forloop49
            1543              1543  Gfx_DrawSquare_loopstart50
            1551              1551  Gfx_DrawSquare_loopend51
            1552              1552  end_procedure_Gfx_DrawSquare
            1552              1552  Fonts_Init_block54
            1552              1552  Fonts_Init
            1575              1575  Fonts_Init_forloop55
            15A1              15A1  Fonts_Init_ConditionalTrueBlock67
            15B9              15B9  Fonts_Init_elsedoneblock69
            15B9              15B9  Fonts_Init_loopstart56
            15C7              15C7  Fonts_Init_loopend57
            15C8              15C8  end_procedure_Fonts_Init
            15C8              15C8  Fonts_PrintChar_block72
            15C8              15C8  Fonts_PrintChar
            15EE              15EE  Fonts_PrintChar_ConditionalTrueBlock74
            15F4              15F4  Fonts_PrintChar_forloop84
            1612              1612  Fonts_PrintChar_loopstart85
            1620              1620  Fonts_PrintChar_loopend86
            1620              1620  Fonts_PrintChar_elsedoneblock76
            1627              1627  Fonts_PrintChar_ConditionalTrueBlock90
            162D              162D  Fonts_PrintChar_forloop100
            1643              1643  @fsb_topp
            164D              164D  @fsb_nxt
            165D              165D  Fonts_PrintChar_loopstart101
            166B              166B  Fonts_PrintChar_loopend102
            166B              166B  Fonts_PrintChar_elsedoneblock92
            166C              166C  end_procedure_Fonts_PrintChar
            166C              166C  Fonts_PrintString_block105
            166C              166C  Fonts_PrintString
            167F              167F  Fonts_PrintString_while106
            167F              167F  Fonts_PrintString_loopstart110
            168D              168D  Fonts_PrintString_ConditionalTrueBlock107
            16B6              16B6  Fonts_PrintString_elsedoneblock109
            16B6              16B6  Fonts_PrintString_loopend111
            16B7              16B7  end_procedure_Fonts_PrintString
            16B7              16B7  BeePlay_bi
            16B9              16B9  BeePlay_Beep_block114
            16B9              16B9  BeePlay_Beep
            16CD              16CD  end_procedure_BeePlay_Beep
            16CD              16CD  BeePlay_Stop
            16D4              16D4  end_procedure_BeePlay_Stop
            16D4              16D4  BeePlay_Initialize_block116
            16D4              16D4  BeePlay_Initialize
            175A              175A  init_playnote
            175C              175C  player_notes
            17A6              17A6  init_playnote_call
            17C3              17C3  init_playnote_cont
            17C4              17C4  end_procedure_BeePlay_Initialize
            17C4              17C4  BeePlay_Play
            17E2              17E2  BeePlay_Play_ConditionalTrueBlock119
            17FB              17FB  BeePlay_Play_elseblock120
            1801              1801  BeePlay_Play_elsedoneblock121
            180F              180F  BeePlay_Play_ConditionalTrueBlock127
            1815              1815  BeePlay_Play_elsedoneblock129
            181F              181F  BeePlay_Play_localfailed160
            1826              1826  BeePlay_Play_ConditionalTrueBlock133
            1832              1832  BeePlay_Play_forloop162
            1843              1843  BeePlay_Play_ConditionalTrueBlock174
            1849              1849  BeePlay_Play_elsedoneblock176
            1849              1849  BeePlay_Play_loopstart163
            1859              1859  BeePlay_Play_loopend164
            1860              1860  BeePlay_Play_ConditionalTrueBlock180
            1863              1863  BeePlay_Play_elsedoneblock182
            1864              1864  BeePlay_Play_elsedoneblock135
            18BC              18BC  end_procedure_BeePlay_Play
            18BC              18BC  BeePlay_Update
            18CA              18CA  BeePlay_Update_ConditionalTrueBlock187
            18CB              18CB  BeePlay_Update_elsedoneblock189
            18D7              18D7  BeePlay_Update_forloop192
            191E              191E  BeePlay_Update_ConditionalTrueBlock216
            192A              192A  BeePlay_Update_ConditionalTrueBlock228
            1956              1956  BeePlay_Update_elsedoneblock230
            1956              1956  BeePlay_Update_elsedoneblock218
            1956              1956  BeePlay_Update_loopstart193
            1968              1968  BeePlay_Update_loopend194
            1976              1976  BeePlay_Update_ConditionalTrueBlock234
            198E              198E  BeePlay_Update_ConditionalTrueBlock246
            1994              1994  BeePlay_Update_elsedoneblock248
            1994              1994  BeePlay_Update_elsedoneblock236
            1995              1995  end_procedure_BeePlay_Update
            1995              1995  Compression_Decompress_block251
            1995              1995  Compression_Decompress
            19AA              19AA  @@parsetoken
            19AD              19AD  @@copyliterals
            19B5              19B5  @@doliteralcopy
            19BB              19BB  @@copymatches
            19C2              19C2  @@domatchcopy
            19D3              19D3  buildfullcount
            19D8              19D8  buildloop
            19DF              19DF  builddone
            19E0              19E0  @@done
            19EA              19EA  SHR4table
            1AEB              1AEB  end_procedure_Compression_Decompress
            1AEB              1AEB  Random_Random
            1AFB              1AFB  end_procedure_Random_Random
            1AFB              1AFB  pal
            1AFD              1AFD  SetPalette_block253
            1AFD              1AFD  SetPalette
            1B0F              1B0F  SetPalette_forloop257
            1B8B              1B8B  SetPalette_loopstart258
            1B9B              1B9B  SetPalette_loopend259
            1B9E              1B9E  SetPalette_casenext255
            1BB0              1BB0  SetPalette_forloop264
            1CA5              1CA5  SetPalette_loopstart265
            1CB5              1CB5  SetPalette_loopend266
            1CB5              1CB5  SetPalette_casenext262
            1CB5              1CB5  SetPalette_caseend254
            1CB6              1CB6  end_procedure_SetPalette
            1CB6              1CB6  DrawPalette
            1CBC              1CBC  DrawPalette_forloop270
            1CE3              1CE3  DrawPalette_loopstart271
            1CF1              1CF1  DrawPalette_loopend272
            1CF2              1CF2  end_procedure_DrawPalette
            1CF2              1CF2  logo_color
            1CF3              1CF3  P1XLogoDraw_block275
            1CF3              1CF3  P1XLogoDraw
            2060              2060  end_procedure_P1XLogoDraw
            2060              2060  SceneIntroRender
            2066              2066  SceneIntroRender_forloop277
            2095              2095  SceneIntroRender_ConditionalTrueBlock298
            20A2              20A2  SceneIntroRender_elsedoneblock300
            2108              2108  SceneIntroRender_localsuccess308
            2110              2110  SceneIntroRender_localsuccess309
            2117              2117  SceneIntroRender_localsuccess310
            211F              211F  SceneIntroRender_ConditionalTrueBlock304
            2140              2140  SceneIntroRender_elsedoneblock306
            2140              2140  SceneIntroRender_loopstart278
            2150              2150  SceneIntroRender_loopend279
            215C              215C  SceneIntroRender_localsuccess324
            2163              2163  SceneIntroRender_ConditionalTrueBlock313
            216A              216A  SceneIntroRender_elseblock314
            2171              2171  SceneIntroRender_ConditionalTrueBlock328
            2176              2176  SceneIntroRender_elsedoneblock330
            2176              2176  SceneIntroRender_elsedoneblock315
            21DB              21DB  SceneIntroRender_ConditionalTrueBlock334
            21E3              21E3  SceneIntroRender_elsedoneblock336
            224A              224A  end_procedure_SceneIntroRender
            224A              224A  SceneIntroReset
            2250              2250  SceneIntroReset_forloop340
            22C2              22C2  SceneIntroReset_loopstart341
            22D0              22D0  SceneIntroReset_loopend342
            22E3              22E3  end_procedure_SceneIntroReset
            22E3              22E3  levels
            22E5              22E5  size
            22E7              22E7  SceneHighwaySkyLineDraw_block345
            22E7              22E7  SceneHighwaySkyLineDraw
            22ED              22ED  SceneHighwaySkyLineDraw_forloop346
            2327              2327  SceneHighwaySkyLineDraw_loopstart347
            2335              2335  SceneHighwaySkyLineDraw_loopend348
            23A9              23A9  SceneHighwaySkyLineDraw_forloop351
            2416              2416  SceneHighwaySkyLineDraw_loopstart352
            2428              2428  SceneHighwaySkyLineDraw_loopend353
            2429              2429  end_procedure_SceneHighwaySkyLineDraw
            2429              2429  factor2
            242B              242B  SceneHighwayTerrainDraw_block356
            242B              242B  SceneHighwayTerrainDraw
            2431              2431  SceneHighwayTerrainDraw_forloop357
            2523              2523  SceneHighwayTerrainDraw_ConditionalTrueBlock369
            2571              2571  SceneHighwayTerrainDraw_elsedoneblock371
            25A0              25A0  SceneHighwayTerrainDraw_loopstart358
            25B0              25B0  SceneHighwayTerrainDraw_loopend359
            25B1              25B1  end_procedure_SceneHighwayTerrainDraw
            25B1              25B1  SceneHighwayCarDraw
            25B2              25B2  end_procedure_SceneHighwayCarDraw
            25B2              25B2  SceneHighwayReset
            25BF              25BF  end_procedure_SceneHighwayReset
            25BF              25BF  SceneHighwayRender
            25C6              25C6  end_procedure_SceneHighwayRender
            25C6              25C6  SceneOutroRender
            2602              2602  end_procedure_SceneOutroRender
            2602              2602  SceneOutroReset
            2615              2615  end_procedure_SceneOutroReset
            2615              2615  scene_to_reset
            2617              2617  ResetScene_block379
            2617              2617  ResetScene
            2638              2638  ResetScene_casenext381
            2647              2647  ResetScene_casenext383
            2654              2654  ResetScene_casenext385
            2654              2654  ResetScene_caseend380
            2655              2655  end_procedure_ResetScene
            2655              2655  scene_to_render
            2657              2657  RenderScene_block387
            2657              2657  RenderScene
            2678              2678  RenderScene_casenext389
            2687              2687  RenderScene_casenext391
            26A6              26A6  RenderScene_casenext393
            26A6              26A6  RenderScene_caseend388
            26A7              26A7  end_procedure_RenderScene
            26A7              26A7  RasterIRQ
            26C7              26C7  end_procedure_RasterIRQ
            26C7              26C7  block1
            26C7              26C7  main_block_begin_
            2790              2790  MainProgram_while396
            2790              2790  MainProgram_loopstart400
            2798              2798  MainProgram_ConditionalTrueBlock397
            279B              279B  MainProgram_vblank1424
            27A0              27A0  MainProgram_vblank2425
            27CF              27CF  MainProgram_ConditionalTrueBlock427
            27E3              27E3  MainProgram_ConditionalTrueBlock439
            27EF              27EF  MainProgram_elsedoneblock441
            2801              2801  MainProgram_elsedoneblock429
            280F              280F  MainProgram_elsedoneblock399
            280F              280F  MainProgram_loopend401
            280F              280F  main_block_end_

