
- NASM Map file ---------------------------------------------------------------

Source file:  /home/piec/DOS/p1x-dos-demoscene/demo-01/TRSE/demo01/main.asm
Output file:  /home/piec/DOS/p1x-dos-demoscene/demo-01/TRSE/demo01/main.exe

-- Symbols --------------------------------------------------------------------

---- Section .text ------------------------------------------------------------

Real              Virtual           Name
             103               103  Memory_i1
             105               105  Memory_error_code
             107               107  Memory_source
             10B               10B  Memory_dest
             10F               10F  Memory_blocks
             111               111  Screen_i
             113               113  Screen_noBuffers
             115               115  Screen_color
             116               116  Screen_red
             117               117  Screen_green
             118               118  Screen_blue
             119               119  Screen_buffer1
             11D               11D  Screen_buffer2
             121               121  Screen_buffer3
             125               125  Screen_buffer4
             129               129  Screen_buffer5
             12D               12D  Screen_source
             131               131  Screen_dest
             135               135  File_File_this
             139               139  Gfx_x1
             13B               13B  Gfx_x2
             13D               13D  Gfx_y
             13F               13F  Gfx_y1
             141               141  Gfx_y2
             143               143  Gfx_color
             145               145  Gfx_addr
             149               149  Fonts_font_size_x
             14B               14B  Fonts_font_size_y
             14D               14D  Fonts_font_columns
             14F               14F  Fonts_lookup
             1CF               1CF  Fonts_data
             1D3               1D3  Fonts_dst
             1D7               1D7  Fonts_dst2
             1DB               1DB  Fonts_src
             1DF               1DF  Fonts_tp
             1E3               1E3  Fonts_x
             1E5               1E5  Fonts_y
             1E7               1E7  Fonts_c
             1E9               1E9  Fonts_i
             1EB               1EB  Fonts_xx
             1ED               1ED  Fonts_shift
             1EF               1EF  Fonts_len
             1F1               1F1  Fonts_addValue
             1F2               1F2  Fonts_maskColor
             1F3               1F3  Fonts_writeType
             1F5               1F5  BeePlay_ptrOrder
             1F9               1F9  BeePlay_ptrPattern
             1FD               1FD  BeePlay_zp
             201               201  BeePlay_noChannels
             202               202  BeePlay_oct
             203               203  BeePlay_o3
             204               204  BeePlay_octShift
             205               205  BeePlay_o4
             206               206  BeePlay_i
             208               208  BeePlay_noRows
             20A               20A  BeePlay_val
             20C               20C  BeePlay_v2
             20E               20E  BeePlay_j
             210               210  BeePlay_curOrder
             212               212  BeePlay_noOrder
             214               214  BeePlay_curRow
             216               216  BeePlay_speed
             218               218  BeePlay_counter
             21A               21A  BeePlay_decayLength
             22A               22A  BeePlay_curNotes
             23A               23A  BeePlay_curDecay
             24A               24A  BeePlay_curN
             24C               24C  BeePlay_noteTable
             264               264  BeePlay_pow2
             278               278  Compression_inb
             27C               27C  Compression_outb
             280               280  Random_Seed
             282               282  song
             333               333  end_incbin_song
             333               333  font
            279F              279F  end_incbin_font
            279F              279F  sprites
            72B0              72B0  end_incbin_sprites
            72B0              72B0  logos
            A1A4              A1A4  end_incbin_logos
            A1A4              A1A4  i
            A1A6              A1A6  j
            A1A8              A1A8  time
            A1AA              A1AA  scene_time
            A1AC              A1AC  color
            A1AE              A1AE  color2
            A1B0              A1B0  c
            A1B2              A1B2  current_scene
            A1B4              A1B4  current_scene_len
            A1B6              A1B6  last_scene
            A1B8              A1B8  debug
            A1B9              A1B9  stars_particle_type_particle_type_x
            A411              A411  stars_particle_type_particle_type_y
            A669              A669  stars_particle_type_particle_type_z
            A8C1              A8C1  stars_particle_type_particle_type_speed
            AB19              AB19  stars_colors
            AC19              AC19  spr_kkj_anim_sprite_type_sprite_type_x
            AC2B              AC2B  spr_kkj_anim_sprite_type_sprite_type_y
            AC3D              AC3D  spr_kkj_anim_sprite_type_sprite_type_w
            AC4F              AC4F  spr_kkj_anim_sprite_type_sprite_type_h
            AC61              AC61  spr_ship_big_sprite_type_sprite_type_x
            AC69              AC69  spr_ship_big_sprite_type_sprite_type_y
            AC71              AC71  spr_ship_big_sprite_type_sprite_type_w
            AC79              AC79  spr_ship_big_sprite_type_sprite_type_h
            AC81              AC81  spr_logos_sprite_type_sprite_type_x
            AC89              AC89  spr_logos_sprite_type_sprite_type_y
            AC91              AC91  spr_logos_sprite_type_sprite_type_w
            AC99              AC99  spr_logos_sprite_type_sprite_type_h
            ACA1              ACA1  skyline_distribution
            AEA1              AEA1  skyline_sizes
            AEB1              AEB1  depth_color
            AFB1              AFB1  factor
            AFB3              AFB3  scene_intro_bar_size
            AFB4              AFB4  last_spr
            AFB5              AFB5  x1
            AFB7              AFB7  x2
            AFB9              AFB9  y1
            AFBB              AFBB  y2
            AFBD              AFBD  x
            AFBF              AFBF  y
            AFC1              AFC1  size
            AFC3              AFC3  w
            AFC5              AFC5  h
            AFC7              AFC7  sx
            AFC9              AFC9  sy
            AFCB              AFCB  sz
            AFCD              AFCD  shift
            AFCF              AFCF  sin64
            B04F              B04F  sin32
            B14F              B14F  sin256
            B24F              B24F  scene_intro_color
            B250              B250  demo_name_text
            B260              B260  powered_by_text
            B270              B270  intel486_text
            B280              B280  outro_text
            B291              B291  date_text
            B29E              B29E  tp
            B2A2              B2A2  Memory_ticks
            B2A4              B2A4  Memory_SetTimer_block2
            B2A4              B2A4  Memory_SetTimer
            B2B7              B2B7  end_procedure_Memory_SetTimer
            B2B7              B2B7  Memory_Init
            B2CE              B2CE  end_procedure_Memory_Init
            B2CE              B2CE  Memory_GetBlockMem_block4
            B2CE              B2CE  Memory_GetBlockMem
            B2E4              B2E4  gbe_ok
            B2EF              B2EF  end_procedure_Memory_GetBlockMem
            B2EF              B2EF  Memory_CopyData16_block5
            B2EF              B2EF  Memory_CopyData16
            B300              B300  end_procedure_Memory_CopyData16
            B300              B300  Screen_InitVGABuffers_block6
            B300              B300  Screen_InitVGABuffers
            B307              B307  Screen_InitVGABuffers_ConditionalTrueBlock8
            B318              B318  Screen_InitVGABuffers_elsedoneblock10
            B31F              B31F  Screen_InitVGABuffers_ConditionalTrueBlock14
            B330              B330  Screen_InitVGABuffers_elsedoneblock16
            B337              B337  Screen_InitVGABuffers_ConditionalTrueBlock20
            B348              B348  Screen_InitVGABuffers_elsedoneblock22
            B34F              B34F  Screen_InitVGABuffers_ConditionalTrueBlock26
            B360              B360  Screen_InitVGABuffers_elsedoneblock28
            B367              B367  Screen_InitVGABuffers_ConditionalTrueBlock32
            B378              B378  Screen_InitVGABuffers_elsedoneblock34
            B379              B379  end_procedure_Screen_InitVGABuffers
            B379              B379  Screen_SetColor_block37
            B379              B379  Screen_SetColor
            B390              B390  end_procedure_Screen_SetColor
            B390              B390  Screen_CopyVGABuffer32bit_block38
            B390              B390  Screen_CopyVGABuffer32bit
            B3A5              B3A5  end_procedure_Screen_CopyVGABuffer32bit
            B3A5              B3A5  _ax
            B3A7              B3A7  Screen_ClearBuffer32bit_block39
            B3A7              B3A7  Screen_ClearBuffer32bit
            B3B2              B3B2  end_procedure_Screen_ClearBuffer32bit
            B3B2              B3B2  Screen_SetMode_block40
            B3B2              B3B2  Screen_SetMode
            B3B8              B3B8  end_procedure_Screen_SetMode
            B3B8              B3B8  Gfx_PutPixelVGA_block41
            B3B8              B3B8  Gfx_PutPixelVGA
            B3D8              B3D8  end_procedure_Gfx_PutPixelVGA
            B3D8              B3D8  Gfx_i
            B3DA              B3DA  Gfx_s
            B3DC              B3DC  Gfx_d1x
            B3DE              B3DE  Gfx_d1y
            B3E0              B3E0  Gfx_d2x
            B3E2              B3E2  Gfx_d2y
            B3E4              B3E4  Gfx_u
            B3E6              B3E6  Gfx_v
            B3E8              B3E8  Gfx_m
            B3EA              B3EA  Gfx_n
            B3EC              B3EC  Gfx_a
            B3EE              B3EE  Gfx_b
            B3F0              B3F0  Gfx_c
            B3F2              B3F2  Gfx_d
            B3F4              B3F4  Gfx_where
            B3F8              B3F8  Gfx_DrawLine_block42
            B3F8              B3F8  Gfx_DrawLine
            B412              B412  @@Nopes
            B414              B414  @@Sgn
            B41B              B41B  @@Plus
            B420              B420  @@Neg
            B423              B423  @@Ferds
            B424              B424  @@There
            B45D              B45D  @@Not1
            B470              B470  @@Not2
            B49B              B49B  @@Vidr
            B4AE              B4AE  @@Vidr2
            B4B1              B4B1  @@Hmm
            B4BD              B4BD  @@Luup
            B4D9              B4D9  @@DoNo
            B4FC              B4FC  @@Not
            B504              B504  @@Ferd
            B511              B511  @@Ending
            B512              B512  end_procedure_Gfx_DrawLine
            B512              B512  Gfx_Hline_block44
            B512              B512  Gfx_Hline
            B540              B540  @start
            B543              B543  @@nei
            B544              B544  end_procedure_Gfx_Hline
            B544              B544  Gfx_buffer
            B548              B548  Gfx_DrawSquare_block45
            B548              B548  Gfx_DrawSquare
            B54E              B54E  Gfx_DrawSquare_forloop46
            B55D              B55D  Gfx_DrawSquare_loopstart47
            B56B              B56B  Gfx_DrawSquare_loopend48
            B56C              B56C  end_procedure_Gfx_DrawSquare
            B56C              B56C  Fonts_Init_block51
            B56C              B56C  Fonts_Init
            B58F              B58F  Fonts_Init_forloop52
            B5BB              B5BB  Fonts_Init_ConditionalTrueBlock64
            B5D3              B5D3  Fonts_Init_elsedoneblock66
            B5D3              B5D3  Fonts_Init_loopstart53
            B5E1              B5E1  Fonts_Init_loopend54
            B5E2              B5E2  end_procedure_Fonts_Init
            B5E2              B5E2  Fonts_PrintChar_block69
            B5E2              B5E2  Fonts_PrintChar
            B608              B608  Fonts_PrintChar_ConditionalTrueBlock71
            B60E              B60E  Fonts_PrintChar_forloop81
            B62C              B62C  Fonts_PrintChar_loopstart82
            B63A              B63A  Fonts_PrintChar_loopend83
            B63A              B63A  Fonts_PrintChar_elsedoneblock73
            B641              B641  Fonts_PrintChar_ConditionalTrueBlock87
            B647              B647  Fonts_PrintChar_forloop97
            B65D              B65D  @fsb_topp
            B667              B667  @fsb_nxt
            B677              B677  Fonts_PrintChar_loopstart98
            B685              B685  Fonts_PrintChar_loopend99
            B685              B685  Fonts_PrintChar_elsedoneblock89
            B686              B686  end_procedure_Fonts_PrintChar
            B686              B686  Fonts_PrintString_block102
            B686              B686  Fonts_PrintString
            B699              B699  Fonts_PrintString_while103
            B699              B699  Fonts_PrintString_loopstart107
            B6A7              B6A7  Fonts_PrintString_ConditionalTrueBlock104
            B6D0              B6D0  Fonts_PrintString_elsedoneblock106
            B6D0              B6D0  Fonts_PrintString_loopend108
            B6D1              B6D1  end_procedure_Fonts_PrintString
            B6D1              B6D1  BeePlay_bi
            B6D3              B6D3  BeePlay_Beep_block111
            B6D3              B6D3  BeePlay_Beep
            B6E7              B6E7  end_procedure_BeePlay_Beep
            B6E7              B6E7  BeePlay_Stop
            B6EE              B6EE  end_procedure_BeePlay_Stop
            B6EE              B6EE  BeePlay_Initialize_block113
            B6EE              B6EE  BeePlay_Initialize
            B774              B774  init_playnote
            B776              B776  player_notes
            B7C0              B7C0  init_playnote_call
            B7DD              B7DD  init_playnote_cont
            B7DE              B7DE  end_procedure_BeePlay_Initialize
            B7DE              B7DE  BeePlay_Play
            B7FC              B7FC  BeePlay_Play_ConditionalTrueBlock116
            B815              B815  BeePlay_Play_elseblock117
            B81B              B81B  BeePlay_Play_elsedoneblock118
            B829              B829  BeePlay_Play_ConditionalTrueBlock124
            B82F              B82F  BeePlay_Play_elsedoneblock126
            B839              B839  BeePlay_Play_localfailed157
            B840              B840  BeePlay_Play_ConditionalTrueBlock130
            B84C              B84C  BeePlay_Play_forloop159
            B85D              B85D  BeePlay_Play_ConditionalTrueBlock171
            B863              B863  BeePlay_Play_elsedoneblock173
            B863              B863  BeePlay_Play_loopstart160
            B873              B873  BeePlay_Play_loopend161
            B87A              B87A  BeePlay_Play_ConditionalTrueBlock177
            B87D              B87D  BeePlay_Play_elsedoneblock179
            B87E              B87E  BeePlay_Play_elsedoneblock132
            B8D6              B8D6  end_procedure_BeePlay_Play
            B8D6              B8D6  BeePlay_Update
            B8E4              B8E4  BeePlay_Update_ConditionalTrueBlock184
            B8E5              B8E5  BeePlay_Update_elsedoneblock186
            B8F1              B8F1  BeePlay_Update_forloop189
            B938              B938  BeePlay_Update_ConditionalTrueBlock213
            B944              B944  BeePlay_Update_ConditionalTrueBlock225
            B970              B970  BeePlay_Update_elsedoneblock227
            B970              B970  BeePlay_Update_elsedoneblock215
            B970              B970  BeePlay_Update_loopstart190
            B982              B982  BeePlay_Update_loopend191
            B990              B990  BeePlay_Update_ConditionalTrueBlock231
            B9A8              B9A8  BeePlay_Update_ConditionalTrueBlock243
            B9AE              B9AE  BeePlay_Update_elsedoneblock245
            B9AE              B9AE  BeePlay_Update_elsedoneblock233
            B9AF              B9AF  end_procedure_BeePlay_Update
            B9AF              B9AF  Compression_Decompress_block248
            B9AF              B9AF  Compression_Decompress
            B9C4              B9C4  @@parsetoken
            B9C7              B9C7  @@copyliterals
            B9CF              B9CF  @@doliteralcopy
            B9D5              B9D5  @@copymatches
            B9DC              B9DC  @@domatchcopy
            B9ED              B9ED  buildfullcount
            B9F2              B9F2  buildloop
            B9F9              B9F9  builddone
            B9FA              B9FA  @@done
            BA04              BA04  SHR4table
            BB05              BB05  end_procedure_Compression_Decompress
            BB05              BB05  Random_Random
            BB15              BB15  end_procedure_Random_Random
            BB15              BB15  pal
            BB17              BB17  SetPalette_block250
            BB17              BB17  SetPalette
            BB29              BB29  SetPalette_forloop254
            BBE7              BBE7  SetPalette_loopstart255
            BBF7              BBF7  SetPalette_loopend256
            BC14              BC14  SetPalette_forloop259
            BC62              BC62  SetPalette_loopstart260
            BC70              BC70  SetPalette_loopend261
            BC73              BC73  SetPalette_casenext252
            BC85              BC85  SetPalette_forloop266
            BD43              BD43  SetPalette_loopstart267
            BD53              BD53  SetPalette_loopend268
            BD70              BD70  SetPalette_forloop271
            BE09              BE09  SetPalette_loopstart272
            BE19              BE19  SetPalette_loopend273
            BE1C              BE1C  SetPalette_casenext264
            BE2E              BE2E  SetPalette_forloop278
            BF23              BF23  SetPalette_loopstart279
            BF33              BF33  SetPalette_loopend280
            BF36              BF36  SetPalette_casenext276
            BF48              BF48  SetPalette_forloop285
            C03D              C03D  SetPalette_loopstart286
            C04D              C04D  SetPalette_loopend287
            C064              C064  SetPalette_casenext283
            C064              C064  SetPalette_caseend251
            C065              C065  end_procedure_SetPalette
            C065              C065  DrawPalette
            C06B              C06B  DrawPalette_forloop291
            C092              C092  DrawPalette_loopstart292
            C0A0              C0A0  DrawPalette_loopend293
            C0A1              C0A1  end_procedure_DrawPalette
            C0A1              C0A1  bank
            C0A5              C0A5  VFXSpriteDraw_block296
            C0A5              C0A5  VFXSpriteDraw
            C0AB              C0AB  VFXSpriteDraw_forloop297
            C0F4              C0F4  VFXSpriteDraw_loopstart298
            C102              C102  VFXSpriteDraw_loopend299
            C103              C103  end_procedure_VFXSpriteDraw
            C103              C103  logo_color
            C104              C104  P1XLogoDraw_block302
            C104              C104  P1XLogoDraw
            C471              C471  end_procedure_P1XLogoDraw
            C471              C471  VfxRenderStars
            C477              C477  VfxRenderStars_forloop304
            C4A6              C4A6  VfxRenderStars_ConditionalTrueBlock325
            C4B3              C4B3  VfxRenderStars_elsedoneblock327
            C519              C519  VfxRenderStars_localsuccess335
            C521              C521  VfxRenderStars_localsuccess336
            C528              C528  VfxRenderStars_localsuccess337
            C530              C530  VfxRenderStars_ConditionalTrueBlock331
            C551              C551  VfxRenderStars_elsedoneblock333
            C551              C551  VfxRenderStars_loopstart305
            C561              C561  VfxRenderStars_loopend306
            C562              C562  end_procedure_VfxRenderStars
            C562              C562  SceneIntroRender
            C56D              C56D  SceneIntroRender_ConditionalTrueBlock341
            C574              C574  SceneIntroRender_ConditionalTrueBlock361
            C579              C579  SceneIntroRender_elsedoneblock363
            C57B              C57B  SceneIntroRender_elseblock342
            C583              C583  SceneIntroRender_localsuccess372
            C58A              C58A  SceneIntroRender_ConditionalTrueBlock368
            C58F              C58F  SceneIntroRender_elsedoneblock370
            C58F              C58F  SceneIntroRender_elsedoneblock343
            C597              C597  SceneIntroRender_ConditionalTrueBlock375
            C59E              C59E  SceneIntroRender_ConditionalTrueBlock394
            C5A3              C5A3  SceneIntroRender_elsedoneblock396
            C5A5              C5A5  SceneIntroRender_elseblock376
            C5AC              C5AC  SceneIntroRender_ConditionalTrueBlock401
            C5B1              C5B1  SceneIntroRender_elsedoneblock403
            C5B1              C5B1  SceneIntroRender_elsedoneblock377
            C5B8              C5B8  SceneIntroRender_ConditionalTrueBlock407
            C5C3              C5C3  SceneIntroRender_elsedoneblock409
            C5E5              C5E5  SceneIntroRender_ConditionalTrueBlock413
            C5EB              C5EB  SceneIntroRender_forloop467
            C642              C642  SceneIntroRender_localsuccess502
            C649              C649  SceneIntroRender_ConditionalTrueBlock492
            C656              C656  SceneIntroRender_ConditionalTrueBlock505
            C65C              C65C  SceneIntroRender_elsedoneblock507
            C68B              C68B  SceneIntroRender_elsedoneblock494
            C68B              C68B  SceneIntroRender_loopstart468
            C69D              C69D  SceneIntroRender_loopend469
            C6A4              C6A4  SceneIntroRender_ConditionalTrueBlock511
            C6CF              C6CF  SceneIntroRender_elsedoneblock513
            C6CF              C6CF  SceneIntroRender_elsedoneblock415
            C6D0              C6D0  end_procedure_SceneIntroRender
            C6D0              C6D0  SceneIntroReset
            C6D6              C6D6  SceneIntroReset_forloop517
            C748              C748  SceneIntroReset_loopstart518
            C756              C756  SceneIntroReset_loopend519
            C774              C774  end_procedure_SceneIntroReset
            C774              C774  SceneSpaceReset
            C787              C787  end_procedure_SceneSpaceReset
            C787              C787  SceneSpaceRender
            C7FF              C7FF  SceneSpaceRender_ConditionalTrueBlock525
            C810              C810  SceneSpaceRender_elsedoneblock527
            C818              C818  SceneSpaceRender_ConditionalTrueBlock531
            C824              C824  SceneSpaceRender_elsedoneblock533
            C96C              C96C  end_procedure_SceneSpaceRender
            C96C              C96C  levels
            C96E              C96E  SceneHighwaySkyLineDraw_block536
            C96E              C96E  SceneHighwaySkyLineDraw
            C974              C974  SceneHighwaySkyLineDraw_forloop537
            C9AE              C9AE  SceneHighwaySkyLineDraw_loopstart538
            C9BC              C9BC  SceneHighwaySkyLineDraw_loopend539
            C9F5              C9F5  SceneHighwaySkyLineDraw_forloop542
            CA3F              CA3F  SceneHighwaySkyLineDraw_loopstart543
            CA4D              CA4D  SceneHighwaySkyLineDraw_loopend544
            CA53              CA53  SceneHighwaySkyLineDraw_forloop547
            CAC0              CAC0  SceneHighwaySkyLineDraw_loopstart548
            CAD2              CAD2  SceneHighwaySkyLineDraw_loopend549
            CAD3              CAD3  end_procedure_SceneHighwaySkyLineDraw
            CAD3              CAD3  factor2
            CAD5              CAD5  SceneHighwayTerrainDraw_block552
            CAD5              CAD5  SceneHighwayTerrainDraw
            CADB              CADB  SceneHighwayTerrainDraw_forloop553
            CBCD              CBCD  SceneHighwayTerrainDraw_ConditionalTrueBlock565
            CC1B              CC1B  SceneHighwayTerrainDraw_elsedoneblock567
            CC4A              CC4A  SceneHighwayTerrainDraw_loopstart554
            CC5A              CC5A  SceneHighwayTerrainDraw_loopend555
            CC5B              CC5B  end_procedure_SceneHighwayTerrainDraw
            CC5B              CC5B  SceneHighwayCarDraw
            CC5C              CC5C  end_procedure_SceneHighwayCarDraw
            CC5C              CC5C  SceneHighwayReset
            CC69              CC69  end_procedure_SceneHighwayReset
            CC69              CC69  SceneHighwayRender
            CC70              CC70  end_procedure_SceneHighwayRender
            CC70              CC70  fov
            CC72              CC72  fx
            CC74              CC74  fy
            CC76              CC76  SceneOutroFloorDraw_block573
            CC76              CC76  SceneOutroFloorDraw
            CC82              CC82  SceneOutroFloorDraw_forloop574
            CC88              CC88  SceneOutroFloorDraw_forloop596
            CCE9              CCE9  SceneOutroFloorDraw_ConditionalTrueBlock608
            CCEE              CCEE  SceneOutroFloorDraw_elsedoneblock610
            CD0F              CD0F  SceneOutroFloorDraw_loopstart597
            CD1F              CD1F  SceneOutroFloorDraw_loopend598
            CD1F              CD1F  SceneOutroFloorDraw_loopstart575
            CD2F              CD2F  SceneOutroFloorDraw_loopend576
            CD30              CD30  end_procedure_SceneOutroFloorDraw
            CD30              CD30  SceneOutroRender
            CD58              CD58  SceneOutroRender_localsuccess619
            CD60              CD60  SceneOutroRender_ConditionalTrueBlock615
            CD9A              CD9A  SceneOutroRender_elsedoneblock617
            CDA2              CDA2  SceneOutroRender_localsuccess626
            CDAA              CDAA  SceneOutroRender_ConditionalTrueBlock622
            CDE4              CDE4  SceneOutroRender_elsedoneblock624
            CDEC              CDEC  SceneOutroRender_localsuccess633
            CDF4              CDF4  SceneOutroRender_ConditionalTrueBlock629
            CE2E              CE2E  SceneOutroRender_elsedoneblock631
            CE85              CE85  end_procedure_SceneOutroRender
            CE85              CE85  SceneOutroReset
            CE9E              CE9E  end_procedure_SceneOutroReset
            CE9E              CE9E  scene_to_reset
            CEA0              CEA0  ResetScene_block636
            CEA0              CEA0  ResetScene
            CEC1              CEC1  ResetScene_casenext638
            CED0              CED0  ResetScene_casenext640
            CEDF              CEDF  ResetScene_casenext642
            CEEC              CEEC  ResetScene_casenext644
            CEEC              CEEC  ResetScene_caseend637
            CEED              CEED  end_procedure_ResetScene
            CEED              CEED  scene_to_render
            CEEF              CEEF  RenderScene_block646
            CEEF              CEEF  RenderScene
            CF10              CF10  RenderScene_casenext648
            CF31              CF31  RenderScene_casenext650
            CF40              CF40  RenderScene_casenext652
            CF5F              CF5F  RenderScene_casenext654
            CF5F              CF5F  RenderScene_caseend647
            CF60              CF60  end_procedure_RenderScene
            CF60              CF60  RasterIRQ
            CF80              CF80  end_procedure_RasterIRQ
            CF80              CF80  color_shift
            CF81              CF81  ReColorSprite_block657
            CF81              CF81  ReColorSprite
            CF87              CF87  ReColorSprite_forloop658
            CF8D              CF8D  ReColorSprite_forloop668
            CFC5              CFC5  ReColorSprite_loopstart669
            CFD7              CFD7  ReColorSprite_loopend670
            CFD7              CFD7  ReColorSprite_loopstart659
            CFE9              CFE9  ReColorSprite_loopend660
            CFEA              CFEA  end_procedure_ReColorSprite
            CFEA              CFEA  MapSprites
            D095              D095  MapSprites_forloop674
            D0AE              D0AE  MapSprites_casenext699
            D0C1              D0C1  MapSprites_casenext701
            D0D3              D0D3  MapSprites_casenext703
            D0E5              D0E5  MapSprites_casenext705
            D0F7              D0F7  MapSprites_casenext707
            D109              D109  MapSprites_casenext709
            D11B              D11B  MapSprites_casenext711
            D133              D133  MapSprites_casenext713
            D149              D149  MapSprites_casenext715
            D149              D149  MapSprites_caseend698
            D1B6              D1B6  MapSprites_loopstart675
            D1C6              D1C6  MapSprites_loopend676
            D1C7              D1C7  end_procedure_MapSprites
            D1C7              D1C7  block1
            D1C7              D1C7  main_block_begin_
            D2F4              D2F4  MainProgram_while717
            D2F4              D2F4  MainProgram_loopstart721
            D2FC              D2FC  MainProgram_ConditionalTrueBlock718
            D2FF              D2FF  MainProgram_vblank1751
            D304              D304  MainProgram_vblank2752
            D333              D333  MainProgram_ConditionalTrueBlock754
            D347              D347  MainProgram_ConditionalTrueBlock766
            D353              D353  MainProgram_elsedoneblock768
            D365              D365  MainProgram_elsedoneblock756
            D375              D375  MainProgram_ConditionalTrueBlock772
            D378              D378  MainProgram_elsedoneblock774
            D37B              D37B  MainProgram_elsedoneblock720
            D37B              D37B  MainProgram_loopend722
            D37B              D37B  main_block_end_

